<html>
<body>
<pre>
<h1>µVision Build Log</h1>
<h2>Tool Versions:</h2>
IDE-Version: ¦ÌVision V5.24.2.0
Copyright (C) 2017 ARM Ltd and ARM Germany GmbH. All rights reserved.
License Information: 1 Administrator, 1, LIC=UJWP0-BZYI0-Y88FK-ZUM18-D1AV7-NBPR3
 
Tool Versions:
Toolchain:       MDK-ARM Plus  Version: 5.24.1
Toolchain Path:  D:\SingleChip\keil5Instll\ARM\ARMCC_532\Bin
C Compiler:      Armcc.exe V5.06 update 7 (build 960)
Assembler:       Armasm.exe V5.06 update 7 (build 960)
Linker/Locator:  ArmLink.exe V5.06 update 7 (build 960)
Library Manager: ArmAr.exe V5.06 update 7 (build 960)
Hex Converter:   FromElf.exe V5.06 update 7 (build 960)
CPU DLL:         SARMCM3.DLL V5.24.1
Dialog DLL:      DCM.DLL V1.16.0.0
Target DLL:      STLink\ST-LINKIII-KEIL_SWO.dll V3.0.1.0
Dialog DLL:      TCM.DLL V1.32.0.0
 
<h2>Project:</h2>
D:\SingleChip\Stm32Project\»ùÓÚesp8266\Project.uvprojx
Project File Date:  07/24/2024

<h2>Output:</h2>
*** Using Compiler 'V5.06 update 7 (build 960)', folder: 'D:\SingleChip\keil5Instll\ARM\ARMCC_532\Bin'
Build target 'Target 1'
assembling startup_stm32f10x_md.s...
compiling core_cm3.c...
compiling stm32f10x_crc.c...
compiling stm32f10x_dbgmcu.c...
compiling stm32f10x_cec.c...
compiling system_stm32f10x.c...
compiling misc.c...
compiling stm32f10x_bkp.c...
compiling stm32f10x_dac.c...
compiling stm32f10x_adc.c...
compiling stm32f10x_can.c...
compiling stm32f10x_dma.c...
compiling stm32f10x_exti.c...
compiling stm32f10x_iwdg.c...
compiling stm32f10x_pwr.c...
compiling stm32f10x_fsmc.c...
compiling stm32f10x_gpio.c...
compiling stm32f10x_i2c.c...
compiling stm32f10x_flash.c...
compiling stm32f10x_rtc.c...
compiling stm32f10x_rcc.c...
compiling stm32f10x_sdio.c...
compiling stm32f10x_spi.c...
compiling delay1.c...
compiling Delay.c...
compiling stm32f10x_usart.c...
compiling stm32f10x_wwdg.c...
compiling stm32f10x_tim.c...
compiling usart.c...
compiling Delay2.c...
compiling Serial.c...
compiling PWM_L.c...
HardWare\PWM_L.c(51): warning:  #1-D: last line of file ends without a newline
  }
HardWare\PWM_L.c: 1 warning, 0 errors
compiling LED.c...
compiling PWM_3.c...
HardWare\PWM_3.c(51): warning:  #1-D: last line of file ends without a newline
  }
HardWare\PWM_3.c: 1 warning, 0 errors
compiling MqttKit.c...
compiling AD.c...
compiling PIND.c...
HardWare\PIND.c(15): warning:  #1-D: last line of file ends without a newline
  }
HardWare\PIND.c: 1 warning, 0 errors
compiling dht11.c...
compiling Stepper.c...
compiling main.c...
.\HardWare\PWM_L.h(4): warning:  #1295-D: Deprecated declaration PWM_Init - give arg types
  void PWM_Init();
.\HardWare\PWM_L.h(6): warning:  #1-D: last line of file ends without a newline
  #endif
.\HardWare\PWM_3.h(4): warning:  #1295-D: Deprecated declaration PWM3_Init - give arg types
  void PWM3_Init();
.\HardWare\PWM_3.h(6): warning:  #1-D: last line of file ends without a newline
  #endif
.\HardWare\LED.h(3): warning:  #1295-D: Deprecated declaration LED_Init - give arg types
  void LED_Init();
.\HardWare\LED.h(4): warning:  #1295-D: Deprecated declaration LED0_Turn - give arg types
  void LED0_Turn();
.\HardWare\LED.h(5): warning:  #1295-D: Deprecated declaration LED1_Turn - give arg types
  void LED1_Turn();
.\HardWare\LED.h(6): warning:  #1295-D: Deprecated declaration LED2_Turn - give arg types
  void LED2_Turn();
.\HardWare\LED.h(7): warning:  #1295-D: Deprecated declaration LED0_On - give arg types
  void LED0_On();
.\HardWare\LED.h(8): warning:  #1295-D: Deprecated declaration LED0_Off - give arg types
  void LED0_Off();
.\HardWare\LED.h(9): warning:  #1295-D: Deprecated declaration LED0_On12 - give arg types
  void LED0_On12();
.\HardWare\LED.h(10): warning:  #1295-D: Deprecated declaration LED0_Off12 - give arg types
  void LED0_Off12();
.\HardWare\LED.h(11): warning:  #1295-D: Deprecated declaration FMQ_On - give arg types
  void FMQ_On();
.\HardWare\LED.h(12): warning:  #1295-D: Deprecated declaration FMQ_Off - give arg types
  void FMQ_Off();
.\HardWare\LED.h(13): warning:  #1-D: last line of file ends without a newline
  #endif
.\HardWare\PIND.h(4): warning:  #1295-D: Deprecated declaration PINA7_Init - give arg types
  void PINA7_Init();
User\main.c: 16 warnings, 0 errors
compiling stm32f10x_it.c...
compiling OLED.c...
compiling base64.c...
compiling esp8266.c...
compiling onenet.c...
onenet\onenet.c(580): warning:  #177-D: variable "data_ptr"  was declared but never referenced
  				char *data_ptr = NULL;
onenet\onenet.c(563): warning:  #177-D: variable "dataPtr"  was declared but never referenced
  	char *dataPtr = NULL;
onenet\onenet.c(564): warning:  #177-D: variable "numBuf"  was declared but never referenced
  	char numBuf[10];
onenet\onenet.c(565): warning:  #177-D: variable "num"  was declared but never referenced
  	int num = 0;
onenet\onenet.c: 4 warnings, 0 errors
compiling cJSON.c...
Cjson\cJSON.c(55): warning:  #1293-D: assignment in condition
        if (!(copy = (char*)cJSON_malloc(len))) return 0;
Cjson\cJSON.c(278): warning:  #1293-D: assignment in condition
  	ptr=str;while ((token=*ptr) && ++len) {if (strchr("\"\\\b\f\n\r\t",token)) len++; else if (token<32) len+=5;ptr++;}
Cjson\cJSON.c(352): warning:  #111-D: statement is unreachable
  	return p.buffer;
Cjson\cJSON.c(423): warning:  #1293-D: assignment in condition
  		if (!(new_item=cJSON_New_Item())) return 0; 	/* memory fail */
Cjson\cJSON.c(535): warning:  #1293-D: assignment in condition
  		if (!(new_item=cJSON_New_Item()))	return 0; /* memory fail */
Cjson\cJSON.c: 5 warnings, 0 errors
compiling hmac_sha1.c...
linking...
Program Size: Code=32048 RO-data=1240 RW-data=92 ZI-data=3268  
".\Objects\Project.axf" - 0 Error(s), 28 Warning(s).

<h2>Software Packages used:</h2>

Package Vendor: Keil
                http://www.keil.com/pack/Keil.STM32F1xx_DFP.2.2.0.pack
                Keil.STM32F1xx_DFP.2.2.0
                STMicroelectronics STM32F1 Series Device Support, Drivers and Examples

<h2>Collection of Component include folders:</h2>
  .\RTE\_Target_1
  D:\SingleChip\keil5Instll\Keil\STM32F1xx_DFP\2.2.0\Device\Include

<h2>Collection of Component Files used:</h2>
Build Time Elapsed:  00:00:02
</pre>
</body>
</html>
