Component: ARM Compiler 5.06 update 7 (build 960) Tool: armlink [4d3601]

==============================================================================

Section Cross References

    startup_stm32f10x_md.o(STACK) refers (Special) to heapauxi.o(.text) for __use_two_region_memory
    startup_stm32f10x_md.o(HEAP) refers (Special) to heapauxi.o(.text) for __use_two_region_memory
    startup_stm32f10x_md.o(RESET) refers (Special) to heapauxi.o(.text) for __use_two_region_memory
    startup_stm32f10x_md.o(RESET) refers to startup_stm32f10x_md.o(STACK) for __initial_sp
    startup_stm32f10x_md.o(RESET) refers to startup_stm32f10x_md.o(.text) for Reset_Handler
    startup_stm32f10x_md.o(RESET) refers to stm32f10x_it.o(i.NMI_Handler) for NMI_Handler
    startup_stm32f10x_md.o(RESET) refers to stm32f10x_it.o(i.HardFault_Handler) for HardFault_Handler
    startup_stm32f10x_md.o(RESET) refers to stm32f10x_it.o(i.MemManage_Handler) for MemManage_Handler
    startup_stm32f10x_md.o(RESET) refers to stm32f10x_it.o(i.BusFault_Handler) for BusFault_Handler
    startup_stm32f10x_md.o(RESET) refers to stm32f10x_it.o(i.UsageFault_Handler) for UsageFault_Handler
    startup_stm32f10x_md.o(RESET) refers to stm32f10x_it.o(i.SVC_Handler) for SVC_Handler
    startup_stm32f10x_md.o(RESET) refers to stm32f10x_it.o(i.DebugMon_Handler) for DebugMon_Handler
    startup_stm32f10x_md.o(RESET) refers to stm32f10x_it.o(i.PendSV_Handler) for PendSV_Handler
    startup_stm32f10x_md.o(RESET) refers to stm32f10x_it.o(i.SysTick_Handler) for SysTick_Handler
    startup_stm32f10x_md.o(RESET) refers to usart.o(i.USART1_IRQHandler) for USART1_IRQHandler
    startup_stm32f10x_md.o(RESET) refers to esp8266.o(i.USART2_IRQHandler) for USART2_IRQHandler
    startup_stm32f10x_md.o(RESET) refers to serial.o(i.USART3_IRQHandler) for USART3_IRQHandler
    startup_stm32f10x_md.o(.text) refers (Special) to heapauxi.o(.text) for __use_two_region_memory
    startup_stm32f10x_md.o(.text) refers to system_stm32f10x.o(i.SystemInit) for SystemInit
    startup_stm32f10x_md.o(.text) refers to __main.o(!!!main) for __main
    startup_stm32f10x_md.o(.text) refers to startup_stm32f10x_md.o(HEAP) for Heap_Mem
    startup_stm32f10x_md.o(.text) refers to startup_stm32f10x_md.o(STACK) for Stack_Mem
    system_stm32f10x.o(i.SetSysClock) refers to system_stm32f10x.o(i.SetSysClockTo72) for SetSysClockTo72
    system_stm32f10x.o(i.SystemCoreClockUpdate) refers to system_stm32f10x.o(.data) for SystemCoreClock
    system_stm32f10x.o(i.SystemInit) refers to system_stm32f10x.o(i.SetSysClock) for SetSysClock
    stm32f10x_adc.o(i.ADC_DeInit) refers to stm32f10x_rcc.o(i.RCC_APB2PeriphResetCmd) for RCC_APB2PeriphResetCmd
    stm32f10x_bkp.o(i.BKP_DeInit) refers to stm32f10x_rcc.o(i.RCC_BackupResetCmd) for RCC_BackupResetCmd
    stm32f10x_can.o(i.CAN_DeInit) refers to stm32f10x_rcc.o(i.RCC_APB1PeriphResetCmd) for RCC_APB1PeriphResetCmd
    stm32f10x_can.o(i.CAN_GetITStatus) refers to stm32f10x_can.o(i.CheckITStatus) for CheckITStatus
    stm32f10x_cec.o(i.CEC_DeInit) refers to stm32f10x_rcc.o(i.RCC_APB1PeriphResetCmd) for RCC_APB1PeriphResetCmd
    stm32f10x_dac.o(i.DAC_DeInit) refers to stm32f10x_rcc.o(i.RCC_APB1PeriphResetCmd) for RCC_APB1PeriphResetCmd
    stm32f10x_flash.o(i.FLASH_EnableWriteProtection) refers to stm32f10x_flash.o(i.FLASH_WaitForLastOperation) for FLASH_WaitForLastOperation
    stm32f10x_flash.o(i.FLASH_EraseAllBank1Pages) refers to stm32f10x_flash.o(i.FLASH_WaitForLastBank1Operation) for FLASH_WaitForLastBank1Operation
    stm32f10x_flash.o(i.FLASH_EraseAllPages) refers to stm32f10x_flash.o(i.FLASH_WaitForLastOperation) for FLASH_WaitForLastOperation
    stm32f10x_flash.o(i.FLASH_EraseOptionBytes) refers to stm32f10x_flash.o(i.FLASH_GetReadOutProtectionStatus) for FLASH_GetReadOutProtectionStatus
    stm32f10x_flash.o(i.FLASH_EraseOptionBytes) refers to stm32f10x_flash.o(i.FLASH_WaitForLastOperation) for FLASH_WaitForLastOperation
    stm32f10x_flash.o(i.FLASH_ErasePage) refers to stm32f10x_flash.o(i.FLASH_WaitForLastOperation) for FLASH_WaitForLastOperation
    stm32f10x_flash.o(i.FLASH_ProgramHalfWord) refers to stm32f10x_flash.o(i.FLASH_WaitForLastOperation) for FLASH_WaitForLastOperation
    stm32f10x_flash.o(i.FLASH_ProgramOptionByteData) refers to stm32f10x_flash.o(i.FLASH_WaitForLastOperation) for FLASH_WaitForLastOperation
    stm32f10x_flash.o(i.FLASH_ProgramWord) refers to stm32f10x_flash.o(i.FLASH_WaitForLastOperation) for FLASH_WaitForLastOperation
    stm32f10x_flash.o(i.FLASH_ReadOutProtection) refers to stm32f10x_flash.o(i.FLASH_WaitForLastOperation) for FLASH_WaitForLastOperation
    stm32f10x_flash.o(i.FLASH_UserOptionByteConfig) refers to stm32f10x_flash.o(i.FLASH_WaitForLastOperation) for FLASH_WaitForLastOperation
    stm32f10x_flash.o(i.FLASH_WaitForLastBank1Operation) refers to stm32f10x_flash.o(i.FLASH_GetBank1Status) for FLASH_GetBank1Status
[...]
    __rt_lib_init_fp_trap_1                  0x08000217   Thumb Code     0  libinit2.o(.ARM.Collect$$libinit$$0000001F)
    __rt_lib_init_getenv_1                   0x08000217   Thumb Code     0  libinit2.o(.ARM.Collect$$libinit$$00000023)
    __rt_lib_init_lc_numeric_1               0x08000217   Thumb Code     0  libinit2.o(.ARM.Collect$$libinit$$00000017)
    __rt_lib_init_lc_time_1                  0x08000217   Thumb Code     0  libinit2.o(.ARM.Collect$$libinit$$00000019)
    __rt_lib_init_return                     0x08000217   Thumb Code     0  libinit2.o(.ARM.Collect$$libinit$$00000033)
    __rt_lib_init_signal_1                   0x08000217   Thumb Code     0  libinit2.o(.ARM.Collect$$libinit$$0000001D)
    __rt_lib_init_stdio_1                    0x08000217   Thumb Code     0  libinit2.o(.ARM.Collect$$libinit$$00000025)
    __rt_lib_shutdown                        0x08000219   Thumb Code     0  libshutdown.o(.ARM.Collect$$libshutdown$$00000000)
    __rt_lib_shutdown_cpp_1                  0x0800021b   Thumb Code     0  libshutdown2.o(.ARM.Collect$$libshutdown$$00000004)
    __rt_lib_shutdown_fini_1                 0x0800021b   Thumb Code     0  libshutdown2.o(.ARM.Collect$$libshutdown$$00000002)
    __rt_lib_shutdown_fp_trap_1              0x0800021b   Thumb Code     0  libshutdown2.o(.ARM.Collect$$libshutdown$$00000009)
    __rt_lib_shutdown_heap_1                 0x0800021b   Thumb Code     0  libshutdown2.o(.ARM.Collect$$libshutdown$$00000011)
    __rt_lib_shutdown_return                 0x0800021b   Thumb Code     0  libshutdown2.o(.ARM.Collect$$libshutdown$$00000012)
    __rt_lib_shutdown_signal_1               0x0800021b   Thumb Code     0  libshutdown2.o(.ARM.Collect$$libshutdown$$0000000C)
    __rt_lib_shutdown_stdio_1                0x0800021b   Thumb Code     0  libshutdown2.o(.ARM.Collect$$libshutdown$$00000006)
    __rt_lib_shutdown_user_alloc_1           0x0800021b   Thumb Code     0  libshutdown2.o(.ARM.Collect$$libshutdown$$0000000E)
    __rt_entry                               0x0800021d   Thumb Code     0  __rtentry.o(.ARM.Collect$$rtentry$$00000000)
    __rt_entry_presh_1                       0x0800021d   Thumb Code     0  __rtentry2.o(.ARM.Collect$$rtentry$$00000002)
    __rt_entry_sh                            0x0800021d   Thumb Code     0  __rtentry4.o(.ARM.Collect$$rtentry$$00000004)
    __rt_entry_li                            0x08000223   Thumb Code     0  __rtentry2.o(.ARM.Collect$$rtentry$$0000000A)
    __rt_entry_postsh_1                      0x08000223   Thumb Code     0  __rtentry2.o(.ARM.Collect$$rtentry$$00000009)
    __rt_entry_main                          0x08000227   Thumb Code     0  __rtentry2.o(.ARM.Collect$$rtentry$$0000000D)
    __rt_entry_postli_1                      0x08000227   Thumb Code     0  __rtentry2.o(.ARM.Collect$$rtentry$$0000000C)
    __rt_exit                                0x0800022f   Thumb Code     0  rtexit.o(.ARM.Collect$$rtexit$$00000000)
    __rt_exit_ls                             0x08000231   Thumb Code     0  rtexit2.o(.ARM.Collect$$rtexit$$00000003)
    __rt_exit_prels_1                        0x08000231   Thumb Code     0  rtexit2.o(.ARM.Collect$$rtexit$$00000002)
    __rt_exit_exit                           0x08000235   Thumb Code     0  rtexit2.o(.ARM.Collect$$rtexit$$00000004)
    Reset_Handler                            0x0800023d   Thumb Code     8  startup_stm32f10x_md.o(.text)
    _maybe_terminate_alloc                   0x0800023d   Thumb Code     0  maybetermalloc1.o(.emb_text)
    ADC1_2_IRQHandler                        0x08000257   Thumb Code     0  startup_stm32f10x_md.o(.text)
    CAN1_RX1_IRQHandler                      0x08000257   Thumb Code     0  startup_stm32f10x_md.o(.text)
    CAN1_SCE_IRQHandler                      0x08000257   Thumb Code     0  startup_stm32f10x_md.o(.text)
    DMA1_Channel1_IRQHandler                 0x08000257   Thumb Code     0  startup_stm32f10x_md.o(.text)
    DMA1_Channel2_IRQHandler                 0x08000257   Thumb Code     0  startup_stm32f10x_md.o(.text)
    DMA1_Channel3_IRQHandler                 0x08000257   Thumb Code     0  startup_stm32f10x_md.o(.text)
    DMA1_Channel4_IRQHandler                 0x08000257   Thumb Code     0  startup_stm32f10x_md.o(.text)
    DMA1_Channel5_IRQHandler                 0x08000257   Thumb Code     0  startup_stm32f10x_md.o(.text)
    DMA1_Channel6_IRQHandler                 0x08000257   Thumb Code     0  startup_stm32f10x_md.o(.text)
    DMA1_Channel7_IRQHandler                 0x08000257   Thumb Code     0  startup_stm32f10x_md.o(.text)
    EXTI0_IRQHandler                         0x08000257   Thumb Code     0  startup_stm32f10x_md.o(.text)
    EXTI15_10_IRQHandler                     0x08000257   Thumb Code     0  startup_stm32f10x_md.o(.text)
    EXTI1_IRQHandler                         0x08000257   Thumb Code     0  startup_stm32f10x_md.o(.text)
    EXTI2_IRQHandler                         0x08000257   Thumb Code     0  startup_stm32f10x_md.o(.text)
    EXTI3_IRQHandler                         0x08000257   Thumb Code     0  startup_stm32f10x_md.o(.text)
    EXTI4_IRQHandler                         0x08000257   Thumb Code     0  startup_stm32f10x_md.o(.text)
    EXTI9_5_IRQHandler                       0x08000257   Thumb Code     0  startup_stm32f10x_md.o(.text)
    FLASH_IRQHandler                         0x08000257   Thumb Code     0  startup_stm32f10x_md.o(.text)
    I2C1_ER_IRQHandler                       0x08000257   Thumb Code     0  startup_stm32f10x_md.o(.text)
    I2C1_EV_IRQHandler                       0x08000257   Thumb Code     0  startup_stm32f10x_md.o(.text)
    I2C2_ER_IRQHandler                       0x08000257   Thumb Code     0  startup_stm32f10x_md.o(.text)
    I2C2_EV_IRQHandler                       0x08000257   Thumb Code     0  startup_stm32f10x_md.o(.text)
    PVD_IRQHandler                           0x08000257   Thumb Code     0  startup_stm32f10x_md.o(.text)
    RCC_IRQHandler                           0x08000257   Thumb Code     0  startup_stm32f10x_md.o(.text)
    RTCAlarm_IRQHandler                      0x08000257   Thumb Code     0  startup_stm32f10x_md.o(.text)
    RTC_IRQHandler                           0x08000257   Thumb Code     0  startup_stm32f10x_md.o(.text)
    SPI1_IRQHandler                          0x08000257   Thumb Code     0  startup_stm32f10x_md.o(.text)
    SPI2_IRQHandler                          0x08000257   Thumb Code     0  startup_stm32f10x_md.o(.text)
    TAMPER_IRQHandler                        0x08000257   Thumb Code     0  startup_stm32f10x_md.o(.text)
    TIM1_BRK_IRQHandler                      0x08000257   Thumb Code     0  startup_stm32f10x_md.o(.text)
    TIM1_CC_IRQHandler                       0x08000257   Thumb Code     0  startup_stm32f10x_md.o(.text)
    TIM1_TRG_COM_IRQHandler                  0x08000257   Thumb Code     0  startup_stm32f10x_md.o(.text)
    TIM1_UP_IRQHandler                       0x08000257   Thumb Code     0  startup_stm32f10x_md.o(.text)
    TIM2_IRQHandler                          0x08000257   Thumb Code     0  startup_stm32f10x_md.o(.text)
    TIM3_IRQHandler                          0x08000257   Thumb Code     0  startup_stm32f10x_md.o(.text)
    TIM4_IRQHandler                          0x08000257   Thumb Code     0  startup_stm32f10x_md.o(.text)
    USBWakeUp_IRQHandler                     0x08000257   Thumb Code     0  startup_stm32f10x_md.o(.text)
    USB_HP_CAN1_TX_IRQHandler                0x08000257   Thumb Code     0  startup_stm32f10x_md.o(.text)
    USB_LP_CAN1_RX0_IRQHandler               0x08000257   Thumb Code     0  startup_stm32f10x_md.o(.text)
    WWDG_IRQHandler                          0x08000257   Thumb Code     0  startup_stm32f10x_md.o(.text)
    __user_initial_stackheap                 0x08000259   Thumb Code     0  startup_stm32f10x_md.o(.text)
    malloc                                   0x0800027d   Thumb Code    94  h1_alloc.o(.text)
    free                                     0x080002db   Thumb Code    78  h1_free.o(.text)
    tolower                                  0x08000329   Thumb Code    26  tolower.o(.text)
    vsnprintf                                0x08000345   Thumb Code    48  vsnprintf.o(.text)
    __2sprintf                               0x08000379   Thumb Code    38  __2sprintf.o(.text)
    __2snprintf                              0x080003a5   Thumb Code    50  __2snprintf.o(.text)
    _printf_pre_padding                      0x080003dd   Thumb Code    44  _printf_pad.o(.text)
    _printf_post_padding                     0x08000409   Thumb Code    34  _printf_pad.o(.text)
    _printf_str                              0x0800042b   Thumb Code    82  _printf_str.o(.text)
    _printf_int_dec                          0x0800047d   Thumb Code   104  _printf_dec.o(.text)
    _printf_longlong_hex                     0x080004f5   Thumb Code    86  _printf_hex_int_ll_ptr.o(.text)
    _printf_int_hex                          0x0800054b   Thumb Code    28  _printf_hex_int_ll_ptr.o(.text)
    _printf_ll_hex                           0x08000567   Thumb Code    12  _printf_hex_int_ll_ptr.o(.text)
    _printf_hex_ptr                          0x08000573   Thumb Code    18  _printf_hex_int_ll_ptr.o(.text)
    __printf                                 0x08000589   Thumb Code   388  __printf_flags_ss_wp.o(.text)
    strchr                                   0x08000711   Thumb Code    20  strchr.o(.text)
    strncat                                  0x08000725   Thumb Code    36  strncat.o(.text)
    strstr                                   0x08000749   Thumb Code    36  strstr.o(.text)
    strcpy                                   0x0800076d   Thumb Code    72  strcpy.o(.text)
    strlen                                   0x080007b5   Thumb Code    62  strlen.o(.text)
    strncmp                                  0x080007f3   Thumb Code   150  strncmp.o(.text)
    strcat                                   0x08000889   Thumb Code    24  strcat.o(.text)
    __aeabi_memcpy                           0x080008a1   Thumb Code     0  rt_memcpy_v6.o(.text)
    __rt_memcpy                              0x080008a1   Thumb Code   138  rt_memcpy_v6.o(.text)
    _memcpy_lastbytes                        0x08000907   Thumb Code     0  rt_memcpy_v6.o(.text)
    __aeabi_memcpy4                          0x0800092b   Thumb Code     0  rt_memcpy_w.o(.text)
    __aeabi_memcpy8                          0x0800092b   Thumb Code     0  rt_memcpy_w.o(.text)
    __rt_memcpy_w                            0x0800092b   Thumb Code   100  rt_memcpy_w.o(.text)
    _memcpy_lastbytes_aligned                0x08000973   Thumb Code     0  rt_memcpy_w.o(.text)
    __aeabi_memclr                           0x0800098f   Thumb Code     0  rt_memclr.o(.text)
    __rt_memclr                              0x0800098f   Thumb Code    68  rt_memclr.o(.text)
    _memset                                  0x08000993   Thumb Code     0  rt_memclr.o(.text)
    __aeabi_memclr4                          0x080009d3   Thumb Code     0  rt_memclr_w.o(.text)
    __aeabi_memclr8                          0x080009d3   Thumb Code     0  rt_memclr_w.o(.text)
    __rt_memclr_w                            0x080009d3   Thumb Code    78  rt_memclr_w.o(.text)
    _memset_w                                0x080009d7   Thumb Code     0  rt_memclr_w.o(.text)
    strcmp                                   0x08000a21   Thumb Code   128  strcmpv7m.o(.text)
    __use_two_region_memory                  0x08000aa1   Thumb Code     2  heapauxi.o(.text)
    __rt_heap_escrow                         0x08000aa3   Thumb Code     2  heapauxi.o(.text)
    __rt_heap_expand                         0x08000aa5   Thumb Code     2  heapauxi.o(.text)
    __rt_ctype_table                         0x08000aa9   Thumb Code    16  rt_ctype_table.o(.text)
    __rt_heap_descriptor                     0x08000ab9   Thumb Code     8  rt_heap_descriptor_intlibspace.o(.text)
    __use_no_heap                            0x08000ac1   Thumb Code     2  hguard.o(.text)
    __heap$guard                             0x08000ac3   Thumb Code     2  hguard.o(.text)
    _terminate_user_alloc                    0x08000ac5   Thumb Code     2  init_alloc.o(.text)
    _init_user_alloc                         0x08000ac7   Thumb Code     2  init_alloc.o(.text)
    __Heap_Full                              0x08000ac9   Thumb Code    34  init_alloc.o(.text)
    __Heap_Broken                            0x08000aeb   Thumb Code     6  init_alloc.o(.text)
    _init_alloc                              0x08000af1   Thumb Code    94  init_alloc.o(.text)
    __Heap_Initialize                        0x08000b4f   Thumb Code    10  h1_init.o(.text)
    __Heap_DescSize                          0x08000b59   Thumb Code     4  h1_init.o(.text)
    __read_errno                             0x08000b5d   Thumb Code    10  _rserrno.o(.text)
    __set_errno                              0x08000b67   Thumb Code    12  _rserrno.o(.text)
    _printf_truncate_signed                  0x08000b73   Thumb Code    18  _printf_truncate.o(.text)
    _printf_truncate_unsigned                0x08000b85   Thumb Code    18  _printf_truncate.o(.text)
    _printf_int_common                       0x08000b97   Thumb Code   178  _printf_intcommon.o(.text)
    _printf_charcount                        0x08000c49   Thumb Code    40  _printf_charcount.o(.text)
    __lib_sel_fp_printf                      0x08000c71   Thumb Code     2  _printf_fp_dec.o(.text)
    _printf_fp_dec_real                      0x08000e23   Thumb Code   620  _printf_fp_dec.o(.text)
    _printf_char_common                      0x0800109b   Thumb Code    32  _printf_char_common.o(.text)
    _sputc                                   0x080010c1   Thumb Code    10  _sputc.o(.text)
    _snputc                                  0x080010cb   Thumb Code    16  _snputc.o(.text)
    _printf_cs_common                        0x080010db   Thumb Code    20  _printf_char.o(.text)
    _printf_char                             0x080010ef   Thumb Code    16  _printf_char.o(.text)
    _printf_string                           0x080010ff   Thumb Code     8  _printf_char.o(.text)
    _printf_wctomb                           0x08001109   Thumb Code   182  _printf_wctomb.o(.text)
    _printf_longlong_dec                     0x080011c5   Thumb Code   108  _printf_longlong_dec.o(.text)
    _printf_longlong_oct                     0x08001241   Thumb Code    66  _printf_oct_int_ll.o(.text)
    _printf_int_oct                          0x08001283   Thumb Code    24  _printf_oct_int_ll.o(.text)
    _printf_ll_oct                           0x0800129b   Thumb Code    12  _printf_oct_int_ll.o(.text)
    __user_libspace                          0x080012b1   Thumb Code     8  libspace.o(.text)
    __user_perproc_libspace                  0x080012b1   Thumb Code     0  libspace.o(.text)
    __user_perthread_libspace                0x080012b1   Thumb Code     0  libspace.o(.text)
    __rt_locale                              0x080012b9   Thumb Code     8  rt_locale_intlibspace.o(.text)
    __aeabi_errno_addr                       0x080012c1   Thumb Code     8  rt_errno_addr_intlibspace.o(.text)
    __errno$intlibspace                      0x080012c1   Thumb Code     0  rt_errno_addr_intlibspace.o(.text)
    __rt_errno_addr$intlibspace              0x080012c1   Thumb Code     0  rt_errno_addr_intlibspace.o(.text)
    __Heap_ProvideMemory                     0x080012c9   Thumb Code    52  h1_extend.o(.text)
    _ll_udiv10                               0x080012fd   Thumb Code   138  lludiv10.o(.text)
    _printf_fp_hex_real                      0x08001389   Thumb Code   756  _printf_fp_hex.o(.text)
    _printf_fp_infnan                        0x08001685   Thumb Code   112  _printf_fp_infnan.o(.text)
    _printf_lcs_common                       0x08001705   Thumb Code    20  _printf_wchar.o(.text)
    _printf_wchar                            0x08001719   Thumb Code    16  _printf_wchar.o(.text)
    _printf_wstring                          0x08001729   Thumb Code     8  _printf_wchar.o(.text)
    _btod_etento                             0x08001731   Thumb Code   224  bigflt0.o(.text)
    _wcrtomb                                 0x08001815   Thumb Code    64  _wcrtomb.o(.text)
    __rt_SIGRTMEM                            0x08001855   Thumb Code    14  defsig_rtmem_outer.o(.text)
    __I$use$semihosting                      0x08001863   Thumb Code     0  use_no_semi.o(.text)
    __use_no_semihosting_swi                 0x08001863   Thumb Code     2  use_no_semi.o(.text)
    __semihosting_library_function           0x08001865   Thumb Code     0  indicate_semi.o(.text)
    __user_setup_stackheap                   0x08001865   Thumb Code    74  sys_stackheap_outer.o(.text)
    exit                                     0x080018af   Thumb Code    18  exit.o(.text)
    __sig_exit                               0x080018c1   Thumb Code    10  defsig_exit.o(.text)
    __rt_SIGRTMEM_inner                      0x080018cd   Thumb Code    22  defsig_rtmem_inner.o(.text)
    _sys_exit                                0x0800191d   Thumb Code     8  sys_exit.o(.text)
    __default_signal_display                 0x08001929   Thumb Code    50  defsig_general.o(.text)
    _ttywrch                                 0x0800195b   Thumb Code    14  sys_wrch.o(.text)
    _btod_d2e                                0x08001969   Thumb Code    62  btod.o(CL$$btod_d2e)
    _d2e_denorm_low                          0x080019a7   Thumb Code    70  btod.o(CL$$btod_d2e_denorm_low)
    _d2e_norm_op1                            0x080019ed   Thumb Code    96  btod.o(CL$$btod_d2e_norm_op1)
    __btod_div_common                        0x08001a4d   Thumb Code   696  btod.o(CL$$btod_div_common)
    _e2e                                     0x08001d85   Thumb Code   220  btod.o(CL$$btod_e2e)
    _btod_ediv                               0x08001e61   Thumb Code    42  btod.o(CL$$btod_ediv)
    _btod_emul                               0x08001e8b   Thumb Code    42  btod.o(CL$$btod_emul)
    __btod_mult_common                       0x08001eb5   Thumb Code   580  btod.o(CL$$btod_mult_common)
    ADC_Cmd                                  0x080020f9   Thumb Code    22  stm32f10x_adc.o(i.ADC_Cmd)
    ADC_GetCalibrationStatus                 0x0800210f   Thumb Code    20  stm32f10x_adc.o(i.ADC_GetCalibrationStatus)
    ADC_GetConversionValue                   0x08002123   Thumb Code     8  stm32f10x_adc.o(i.ADC_GetConversionValue)
    ADC_GetFlagStatus                        0x0800212b   Thumb Code    18  stm32f10x_adc.o(i.ADC_GetFlagStatus)
    ADC_GetResetCalibrationStatus            0x0800213d   Thumb Code    20  stm32f10x_adc.o(i.ADC_GetResetCalibrationStatus)
    ADC_Init                                 0x08002151   Thumb Code    70  stm32f10x_adc.o(i.ADC_Init)
    ADC_RegularChannelConfig                 0x080021a1   Thumb Code   184  stm32f10x_adc.o(i.ADC_RegularChannelConfig)
    ADC_ResetCalibration                     0x08002259   Thumb Code    10  stm32f10x_adc.o(i.ADC_ResetCalibration)
    ADC_SoftwareStartConvCmd                 0x08002263   Thumb Code    22  stm32f10x_adc.o(i.ADC_SoftwareStartConvCmd)
    ADC_StartCalibration                     0x08002279   Thumb Code    10  stm32f10x_adc.o(i.ADC_StartCalibration)
    AD_GetValue                              0x08002285   Thumb Code    46  ad.o(i.AD_GetValue)
    AD_Init                                  0x080022b9   Thumb Code   136  ad.o(i.AD_Init)
    BASE64_Decode                            0x08002349   Thumb Code   360  base64.o(i.BASE64_Decode)
    BASE64_Encode                            0x080024b5   Thumb Code   320  base64.o(i.BASE64_Encode)
    BusFault_Handler                         0x080025f9   Thumb Code     4  stm32f10x_it.o(i.BusFault_Handler)
    DDrive                                   0x080025fd   Thumb Code    28  main.o(i.DDrive)
    DDrive_win                               0x08002619   Thumb Code    26  main.o(i.DDrive_win)
    DHT_GPIO_Init                            0x08002639   Thumb Code    46  dht11.o(i.DHT_GPIO_Init)
    DHT_Get_Byte_Data                        0x0800266d   Thumb Code    74  dht11.o(i.DHT_Get_Byte_Data)
    DHT_Get_Temp_Humi_Data                   0x080026bd   Thumb Code    68  dht11.o(i.DHT_Get_Temp_Humi_Data)
    DHT_Start                                0x08002701   Thumb Code    88  dht11.o(i.DHT_Start)
    DebugMon_Handler                         0x0800275d   Thumb Code     2  stm32f10x_it.o(i.DebugMon_Handler)
    DelayMs                                  0x0800275f   Thumb Code    60  delay.o(i.DelayMs)
    DelayXms                                 0x0800279d   Thumb Code    66  delay.o(i.DelayXms)
    Delay_Init                               0x080027e5   Thumb Code    48  delay.o(i.Delay_Init)
    Delay_ms                                 0x0800281d   Thumb Code    24  delay2.o(i.Delay_ms)
    Delay_us                                 0x08002835   Thumb Code    46  delay2.o(i.Delay_us)
    ESP8266_Clear                            0x08002865   Thumb Code    20  esp8266.o(i.ESP8266_Clear)
    ESP8266_GetIPD                           0x08002881   Thumb Code    68  esp8266.o(i.ESP8266_GetIPD)
    ESP8266_Init                             0x080028d1   Thumb Code   136  esp8266.o(i.ESP8266_Init)
    ESP8266_SendCmd                          0x080029f9   Thumb Code    76  esp8266.o(i.ESP8266_SendCmd)
    ESP8266_SendData                         0x08002a4d   Thumb Code    46  esp8266.o(i.ESP8266_SendData)
    ESP8266_WaitRecive                       0x08002a95   Thumb Code    42  esp8266.o(i.ESP8266_WaitRecive)
    FMQ_Off                                  0x08002ac9   Thumb Code    12  led.o(i.FMQ_Off)
    FMQ_On                                   0x08002ad9   Thumb Code    12  led.o(i.FMQ_On)
    GPIO_Init                                0x08002ae9   Thumb Code   278  stm32f10x_gpio.o(i.GPIO_Init)
    GPIO_ReadInputDataBit                    0x08002bff   Thumb Code    18  stm32f10x_gpio.o(i.GPIO_ReadInputDataBit)
    GPIO_ResetBits                           0x08002c11   Thumb Code     4  stm32f10x_gpio.o(i.GPIO_ResetBits)
    GPIO_SetBits                             0x08002c15   Thumb Code     4  stm32f10x_gpio.o(i.GPIO_SetBits)
    GPIO_WriteBit                            0x08002c19   Thumb Code    10  stm32f10x_gpio.o(i.GPIO_WriteBit)
    HardFault_Handler                        0x08002c23   Thumb Code     4  stm32f10x_it.o(i.HardFault_Handler)
    Hardware_Init                            0x08002c27   Thumb Code    60  main.o(i.Hardware_Init)
    LED0_Off                                 0x08002c65   Thumb Code    14  led.o(i.LED0_Off)
    LED0_Off12                               0x08002c79   Thumb Code    14  led.o(i.LED0_Off12)
    LED0_On                                  0x08002c8d   Thumb Code    14  led.o(i.LED0_On)
    LED0_On12                                0x08002ca1   Thumb Code    14  led.o(i.LED0_On12)
    LED_Init                                 0x08002cb5   Thumb Code    50  led.o(i.LED_Init)
    MQTT_DeleteBuffer                        0x08002ced   Thumb Code    28  mqttkit.o(i.MQTT_DeleteBuffer)
    MQTT_DumpLength                          0x08002d09   Thumb Code    46  mqttkit.o(i.MQTT_DumpLength)
    MQTT_NewBuffer                           0x08002d37   Thumb Code    88  mqttkit.o(i.MQTT_NewBuffer)
    MQTT_PacketConnect                       0x08002d91   Thumb Code   666  mqttkit.o(i.MQTT_PacketConnect)
    MQTT_PacketPublish                       0x08003031   Thumb Code   440  mqttkit.o(i.MQTT_PacketPublish)
    MQTT_PacketSaveData                      0x080031e9   Thumb Code    68  mqttkit.o(i.MQTT_PacketSaveData)
    MQTT_PacketSubscribe                     0x0800324d   Thumb Code   254  mqttkit.o(i.MQTT_PacketSubscribe)
    MQTT_ReadLength                          0x0800334b   Thumb Code    70  mqttkit.o(i.MQTT_ReadLength)
    MQTT_UnPacketConnectAck                  0x08003391   Thumb Code    30  mqttkit.o(i.MQTT_UnPacketConnectAck)
    MQTT_UnPacketPublish                     0x080033b1   Thumb Code   438  mqttkit.o(i.MQTT_UnPacketPublish)
    MQTT_UnPacketPublishAck                  0x08003571   Thumb Code    30  mqttkit.o(i.MQTT_UnPacketPublishAck)
    MQTT_UnPacketRecv                        0x08003591   Thumb Code   106  mqttkit.o(i.MQTT_UnPacketRecv)
    MQTT_UnPacketSubscribe                   0x08003605   Thumb Code    52  mqttkit.o(i.MQTT_UnPacketSubscribe)
    MemManage_Handler                        0x08003639   Thumb Code     4  stm32f10x_it.o(i.MemManage_Handler)
    NMI_Handler                              0x0800363d   Thumb Code     2  stm32f10x_it.o(i.NMI_Handler)
    NVIC_Init                                0x08003641   Thumb Code   100  misc.o(i.NVIC_Init)
    NVIC_PriorityGroupConfig                 0x080036b1   Thumb Code    10  misc.o(i.NVIC_PriorityGroupConfig)
    OneNET_Subscribe                         0x08003a19   Thumb Code    82  onenet.o(i.OneNET_Subscribe)
    OneNet_DevLink                           0x08003ab9   Thumb Code   242  onenet.o(i.OneNet_DevLink)
    OneNet_FillBuf                           0x08003d35   Thumb Code   344  onenet.o(i.OneNet_FillBuf)
    OneNet_RevPro                            0x08003fb1   Thumb Code   546  onenet.o(i.OneNet_RevPro)
    OneNet_SendData                          0x08004361   Thumb Code   130  onenet.o(i.OneNet_SendData)
    PINA7_Init                               0x08004449   Thumb Code    38  pind.o(i.PINA7_Init)
    PWM3_Init                                0x08004475   Thumb Code   146  pwm_3.o(i.PWM3_Init)
    PWM_Init                                 0x08004511   Thumb Code   152  pwm_l.o(i.PWM_Init)
    PendSV_Handler                           0x080045ad   Thumb Code     2  stm32f10x_it.o(i.PendSV_Handler)
    RCC_ADCCLKConfig                         0x080045b1   Thumb Code    18  stm32f10x_rcc.o(i.RCC_ADCCLKConfig)
    RCC_APB1PeriphClockCmd                   0x080045c9   Thumb Code    26  stm32f10x_rcc.o(i.RCC_APB1PeriphClockCmd)
    RCC_APB2PeriphClockCmd                   0x080045e9   Thumb Code    26  stm32f10x_rcc.o(i.RCC_APB2PeriphClockCmd)
    RCC_GetClocksFreq                        0x08004609   Thumb Code   192  stm32f10x_rcc.o(i.RCC_GetClocksFreq)
    SVC_Handler                              0x080046dd   Thumb Code     2  stm32f10x_it.o(i.SVC_Handler)
    Serial_Init                              0x080046e1   Thumb Code   178  serial.o(i.Serial_Init)
    Stepper_GPIOInit                         0x08004885   Thumb Code    50  stepper.o(i.Stepper_GPIOInit)
    Stepper_RotateByLoop                     0x080048bd   Thumb Code    20  stepper.o(i.Stepper_RotateByLoop)
    Stepper_RotateByStep                     0x080048d1   Thumb Code    88  stepper.o(i.Stepper_RotateByStep)
    Stepper_SingleStep                       0x0800492d   Thumb Code   134  stepper.o(i.Stepper_SingleStep)
    Stepper_Stop                             0x080049b9   Thumb Code    14  stepper.o(i.Stepper_Stop)
    SysTick_Handler                          0x08004a21   Thumb Code     2  stm32f10x_it.o(i.SysTick_Handler)
    SystemInit                               0x08004a25   Thumb Code    78  system_stm32f10x.o(i.SystemInit)
    TIM_Cmd                                  0x08004a85   Thumb Code    24  stm32f10x_tim.o(i.TIM_Cmd)
    TIM_InternalClockConfig                  0x08004a9d   Thumb Code    12  stm32f10x_tim.o(i.TIM_InternalClockConfig)
    TIM_OC1Init                              0x08004aa9   Thumb Code   132  stm32f10x_tim.o(i.TIM_OC1Init)
    TIM_OC2Init                              0x08004b41   Thumb Code   154  stm32f10x_tim.o(i.TIM_OC2Init)
    TIM_OCStructInit                         0x08004be5   Thumb Code    20  stm32f10x_tim.o(i.TIM_OCStructInit)
    TIM_SetCompare1                          0x08004bf9   Thumb Code     4  stm32f10x_tim.o(i.TIM_SetCompare1)
    TIM_SetCompare2                          0x08004bfd   Thumb Code     4  stm32f10x_tim.o(i.TIM_SetCompare2)
    TIM_TimeBaseInit                         0x08004c01   Thumb Code   122  stm32f10x_tim.o(i.TIM_TimeBaseInit)
    USART1_IRQHandler                        0x08004ca5   Thumb Code    24  usart.o(i.USART1_IRQHandler)
    USART2_IRQHandler                        0x08004cc1   Thumb Code    64  esp8266.o(i.USART2_IRQHandler)
    USART3_IRQHandler                        0x08004d0d   Thumb Code   140  serial.o(i.USART3_IRQHandler)
    USART_ClearFlag                          0x08004dad   Thumb Code    18  stm32f10x_usart.o(i.USART_ClearFlag)
    USART_ClearITPendingBit                  0x08004dbf   Thumb Code    30  stm32f10x_usart.o(i.USART_ClearITPendingBit)
    USART_Cmd                                0x08004ddd   Thumb Code    24  stm32f10x_usart.o(i.USART_Cmd)
    USART_GetFlagStatus                      0x08004df5   Thumb Code    26  stm32f10x_usart.o(i.USART_GetFlagStatus)
    USART_GetITStatus                        0x08004e0f   Thumb Code    84  stm32f10x_usart.o(i.USART_GetITStatus)
    USART_ITConfig                           0x08004e63   Thumb Code    74  stm32f10x_usart.o(i.USART_ITConfig)
    USART_Init                               0x08004ead   Thumb Code   210  stm32f10x_usart.o(i.USART_Init)
    USART_ReceiveData                        0x08004f85   Thumb Code    10  stm32f10x_usart.o(i.USART_ReceiveData)
    USART_SendData                           0x08004f8f   Thumb Code     8  stm32f10x_usart.o(i.USART_SendData)
    UsageFault_Handler                       0x08004f97   Thumb Code     4  stm32f10x_it.o(i.UsageFault_Handler)
    Usart1_Init                              0x08004f9d   Thumb Code   166  usart.o(i.Usart1_Init)
    Usart2_Init                              0x0800504d   Thumb Code   162  usart.o(i.Usart2_Init)
    UsartPrintf                              0x080050f9   Thumb Code    72  usart.o(i.UsartPrintf)
    Usart_SendString                         0x08005141   Thumb Code    50  usart.o(i.Usart_SendString)
    YY_SB                                    0x08005175   Thumb Code   156  main.o(i.YY_SB)
    __ARM_fpclassify                         0x0800528d   Thumb Code    40  fpclassify.o(i.__ARM_fpclassify)
    __kernel_poly                            0x080052b5   Thumb Code   170  poly.o(i.__kernel_poly)
    __mathlib_dbl_divzero                    0x08005361   Thumb Code    12  dunder.o(i.__mathlib_dbl_divzero)
    __mathlib_dbl_infnan2                    0x08005371   Thumb Code     4  dunder.o(i.__mathlib_dbl_infnan2)
    __mathlib_dbl_invalid                    0x08005375   Thumb Code    12  dunder.o(i.__mathlib_dbl_invalid)
    __mathlib_dbl_overflow                   0x08005381   Thumb Code    14  dunder.o(i.__mathlib_dbl_overflow)
    __mathlib_dbl_underflow                  0x08005391   Thumb Code    10  dunder.o(i.__mathlib_dbl_underflow)
    _is_digit                                0x080053a1   Thumb Code    14  __printf_wp.o(i._is_digit)
    cJSON_Delete                             0x080053b1   Thumb Code    82  cjson.o(i.cJSON_Delete)
    cJSON_GetObjectItem                      0x08005409   Thumb Code    30  cjson.o(i.cJSON_GetObjectItem)
    cJSON_Parse                              0x08005449   Thumb Code    16  cjson.o(i.cJSON_Parse)
    cJSON_ParseWithOpts                      0x08005459   Thumb Code    96  cjson.o(i.cJSON_ParseWithOpts)
    delay_ms                                 0x08005509   Thumb Code    66  delay1.o(i.delay_ms)
    delay_us                                 0x08005551   Thumb Code    64  delay1.o(i.delay_us)
    ft                                       0x08005599   Thumb Code    76  hmac_sha1.o(i.ft)
    hmac_sha1                                0x080055e5   Thumb Code   302  hmac_sha1.o(i.hmac_sha1)
    k                                        0x08005715   Thumb Code    34  hmac_sha1.o(i.k)
    main                                     0x08005749   Thumb Code   500  main.o(i.main)
    pow                                      0x08006119   Thumb Code  2512  pow.o(i.pow)
    rotl                                     0x08006af1   Thumb Code    46  hmac_sha1.o(i.rotl)
    sha1                                     0x08006b21   Thumb Code   632  hmac_sha1.o(i.sha1)
    sqrt                                     0x08006db7   Thumb Code    76  sqrt.o(i.sqrt)
    _get_lc_ctype                            0x08006e05   Thumb Code    44  lc_ctype_c.o(locale$$code)
    _get_lc_numeric                          0x08006e31   Thumb Code    44  lc_numeric_c.o(locale$$code)
    __aeabi_dadd                             0x08006e5d   Thumb Code     0  daddsub_clz.o(x$fpl$dadd)
    _dadd                                    0x08006e5d   Thumb Code   332  daddsub_clz.o(x$fpl$dadd)
    __fpl_dcheck_NaN1                        0x08006fad   Thumb Code    10  dcheck1.o(x$fpl$dcheck1)
    __fpl_dcmp_Inf                           0x08006fbd   Thumb Code    24  dcmpi.o(x$fpl$dcmpinf)
    __aeabi_ddiv                             0x08006fd5   Thumb Code     0  ddiv.o(x$fpl$ddiv)
    _ddiv                                    0x08006fd5   Thumb Code   552  ddiv.o(x$fpl$ddiv)
    __aeabi_d2iz                             0x08007285   Thumb Code     0  dfix.o(x$fpl$dfix)
    _dfix                                    0x08007285   Thumb Code    94  dfix.o(x$fpl$dfix)
    __aeabi_i2d                              0x080072e3   Thumb Code     0  dflt_clz.o(x$fpl$dflt)
    _dflt                                    0x080072e3   Thumb Code    46  dflt_clz.o(x$fpl$dflt)
    __aeabi_cdcmple                          0x08007311   Thumb Code     0  dleqf.o(x$fpl$dleqf)
    _dcmple                                  0x08007311   Thumb Code   120  dleqf.o(x$fpl$dleqf)
    __fpl_dcmple_InfNaN                      0x08007373   Thumb Code     0  dleqf.o(x$fpl$dleqf)
    __aeabi_dmul                             0x08007389   Thumb Code     0  dmul.o(x$fpl$dmul)
    _dmul                                    0x08007389   Thumb Code   332  dmul.o(x$fpl$dmul)
    __fpl_dnaninf                            0x080074dd   Thumb Code   156  dnaninf.o(x$fpl$dnaninf)
    __fpl_dretinf                            0x08007579   Thumb Code    12  dretinf.o(x$fpl$dretinf)
    __aeabi_cdrcmple                         0x08007585   Thumb Code     0  drleqf.o(x$fpl$drleqf)
    _drcmple                                 0x08007585   Thumb Code   108  drleqf.o(x$fpl$drleqf)
    __aeabi_drsub                            0x080075f1   Thumb Code     0  daddsub_clz.o(x$fpl$drsb)
    _drsb                                    0x080075f1   Thumb Code    22  daddsub_clz.o(x$fpl$drsb)
    _dsqrt                                   0x08007609   Thumb Code   456  dsqrt_noumaal.o(x$fpl$dsqrt)
    __aeabi_dsub                             0x080077d5   Thumb Code     0  daddsub_clz.o(x$fpl$dsub)
    _dsub                                    0x080077d5   Thumb Code   464  daddsub_clz.o(x$fpl$dsub)
    __aeabi_fdiv                             0x080079a9   Thumb Code     0  fdiv.o(x$fpl$fdiv)
    _fdiv                                    0x080079a9   Thumb Code   384  fdiv.o(x$fpl$fdiv)
    __aeabi_f2iz                             0x08007b2d   Thumb Code     0  ffix.o(x$fpl$ffix)
    _ffix                                    0x08007b2d   Thumb Code    54  ffix.o(x$fpl$ffix)
    __aeabi_ui2f                             0x08007b65   Thumb Code     0  fflt_clz.o(x$fpl$ffltu)
    _ffltu                                   0x08007b65   Thumb Code    38  fflt_clz.o(x$fpl$ffltu)
    __aeabi_fmul                             0x08007b8d   Thumb Code     0  fmul.o(x$fpl$fmul)
    _fmul                                    0x08007b8d   Thumb Code   258  fmul.o(x$fpl$fmul)
    __fpl_fnaninf                            0x08007c8f   Thumb Code   140  fnaninf.o(x$fpl$fnaninf)
    __fpl_fretinf                            0x08007d1b   Thumb Code    10  fretinf.o(x$fpl$fretinf)
    _printf_fp_dec                           0x08007d25   Thumb Code     4  printf1.o(x$fpl$printf1)
    _printf_fp_hex                           0x08007d29   Thumb Code     4  printf2.o(x$fpl$printf2)
    __fpl_return_NaN                         0x08007d2d   Thumb Code   100  retnan.o(x$fpl$retnan)
    __ARM_scalbn                             0x08007d91   Thumb Code    92  scalbn.o(x$fpl$scalbn)
    __fpl_cmpreturn                          0x08007ded   Thumb Code    48  trapv.o(x$fpl$trapveneer)
    __I$use$fp                               0x08007e1c   Number         0  usenofp.o(x$fpl$usenofp)
    __mathlib_zero                           0x08007fb0   Data           8  qnan.o(.constdata)
    Region$$Table$$Base                      0x080080bc   Number         0  anon$$obj.o(Region$$Table)
    Region$$Table$$Limit                     0x080080dc   Number         0  anon$$obj.o(Region$$Table)
    __ctype                                  0x080080e9   Data           0  lc_ctype_c.o(locale$$data)
    SystemCoreClock                          0x20000000   Data           4  system_stm32f10x.o(.data)
    AHBPrescTable                            0x20000004   Data          16  system_stm32f10x.o(.data)
    UsCount                                  0x20000028   Data           1  delay.o(.data)
    MsCount                                  0x2000002a   Data           2  delay.o(.data)
    Serial_RxFlag                            0x2000002c   Data           1  serial.o(.data)
    STEP                                     0x2000002f   Data           1  stepper.o(.data)
    D1_State_W                               0x20000030   Data           1  main.o(.data)
    Light_State                              0x20000031   Data           1  main.o(.data)
    D2_State_W                               0x20000032   Data           1  main.o(.data)
    Stepper_State                            0x20000033   Data           1  main.o(.data)
    Stepper_num                              0x20000034   Data           1  main.o(.data)
    Mode                                     0x20000035   Data           1  main.o(.data)
    Stepper_num1                             0x20000036   Data           1  main.o(.data)
    Stepper_num2                             0x20000037   Data           1  main.o(.data)
    temp                                     0x20000038   Data           1  main.o(.data)
    humi                                     0x20000039   Data           1  main.o(.data)
    light_v                                  0x2000003c   Data           4  main.o(.data)
    gas                                      0x20000040   Data           4  main.o(.data)
    DHT_Buffer                               0x20000044   Data           5  main.o(.data)
    esp8266_cnt                              0x2000004a   Data           2  esp8266.o(.data)
    esp8266_cntPre                           0x2000004c   Data           2  esp8266.o(.data)
    Serial_RxPacket                          0x2000005c   Data         100  serial.o(.bss)
    esp8266_buf                              0x200000c0   Data         512  esp8266.o(.bss)
    __libspace_start                         0x200002c0   Data          96  libspace.o(.bss)
    __temporary_stack_top$libspace           0x20000320   Data           0  libspace.o(.bss)



==============================================================================

Memory Map of the image

  Image Entry point : 0x080000ed

  Load Region LR_IROM1 (Base: 0x08000000, Size: 0x00008264, Max: 0x00010000, ABSOLUTE)

    Execution Region ER_IROM1 (Exec base: 0x08000000, Load base: 0x08000000, Size: 0x00008208, Max: 0x00010000, ABSOLUTE)

    Exec Addr    Load Addr    Size         Type   Attr      Idx    E Section Name        Object

    0x08000000   0x08000000   0x000000ec   Data   RO           19    RESET               startup_stm32f10x_md.o
    0x080000ec   0x080000ec   0x00000008   Code   RO         4764  * !!!main             c_w.l(__main.o)
    0x080000f4   0x080000f4   0x00000034   Code   RO         5198    !!!scatter          c_w.l(__scatter.o)
    0x08000128   0x08000128   0x0000001a   Code   RO         5200    !!handler_copy      c_w.l(__scatter_copy.o)
    0x08000142   0x08000142   0x00000002   PAD
    0x08000144   0x08000144   0x0000001c   Code   RO         5202    !!handler_zi        c_w.l(__scatter_zi.o)
    0x08000160   0x08000160   0x00000000   Code   RO         4731    .ARM.Collect$$_printf_percent$$00000000  c_w.l(_printf_percent.o)
    0x08000160   0x08000160   0x00000006   Code   RO         4884    .ARM.Collect$$_printf_percent$$00000001  c_w.l(_printf_n.o)
    0x08000166   0x08000166   0x00000006   Code   RO         4885    .ARM.Collect$$_printf_percent$$00000002  c_w.l(_printf_p.o)
    0x0800016c   0x0800016c   0x00000006   Code   RO         4729    .ARM.Collect$$_printf_percent$$00000003  c_w.l(_printf_f.o)
    0x08000172   0x08000172   0x00000006   Code   RO         4730    .ARM.Collect$$_printf_percent$$00000004  c_w.l(_printf_e.o)
    0x08000178   0x08000178   0x00000006   Code   RO         4889    .ARM.Collect$$_printf_percent$$00000005  c_w.l(_printf_g.o)
    0x0800017e   0x0800017e   0x00000006   Code   RO         4890    .ARM.Collect$$_printf_percent$$00000006  c_w.l(_printf_a.o)
    0x08000184   0x08000184   0x0000000a   Code   RO         4895    .ARM.Collect$$_printf_percent$$00000007  c_w.l(_printf_ll.o)
    0x0800018e   0x0800018e   0x00000006   Code   RO         4887    .ARM.Collect$$_printf_percent$$00000008  c_w.l(_printf_i.o)
    0x08000194   0x08000194   0x00000006   Code   RO         4728    .ARM.Collect$$_printf_percent$$00000009  c_w.l(_printf_d.o)
    0x0800019a   0x0800019a   0x00000006   Code   RO         4888    .ARM.Collect$$_printf_percent$$0000000A  c_w.l(_printf_u.o)
    0x080001a0   0x080001a0   0x00000006   Code   RO         4886    .ARM.Collect$$_printf_percent$$0000000B  c_w.l(_printf_o.o)
    0x080001a6   0x080001a6   0x00000006   Code   RO         4727    .ARM.Collect$$_printf_percent$$0000000C  c_w.l(_printf_x.o)
    0x080001ac   0x080001ac   0x00000006   Code   RO         4892    .ARM.Collect$$_printf_percent$$0000000D  c_w.l(_printf_lli.o)
    0x080001b2   0x080001b2   0x00000006   Code   RO         4893    .ARM.Collect$$_printf_percent$$0000000E  c_w.l(_printf_lld.o)
    0x080001b8   0x080001b8   0x00000006   Code   RO         4894    .ARM.Collect$$_printf_percent$$0000000F  c_w.l(_printf_llu.o)
    0x080001be   0x080001be   0x00000006   Code   RO         4899    .ARM.Collect$$_printf_percent$$00000010  c_w.l(_printf_llo.o)
    0x080001c4   0x080001c4   0x00000006   Code   RO         4900    .ARM.Collect$$_printf_percent$$00000011  c_w.l(_printf_llx.o)
    0x080001ca   0x080001ca   0x0000000a   Code   RO         4896    .ARM.Collect$$_printf_percent$$00000012  c_w.l(_printf_l.o)
    0x080001d4   0x080001d4   0x00000006   Code   RO         4883    .ARM.Collect$$_printf_percent$$00000013  c_w.l(_printf_c.o)
    0x080001da   0x080001da   0x00000006   Code   RO         4726    .ARM.Collect$$_printf_percent$$00000014  c_w.l(_printf_s.o)
    0x080001e0   0x080001e0   0x00000006   Code   RO         4897    .ARM.Collect$$_printf_percent$$00000015  c_w.l(_printf_lc.o)
    0x080001e6   0x080001e6   0x00000006   Code   RO         4898    .ARM.Collect$$_printf_percent$$00000016  c_w.l(_printf_ls.o)
    0x080001ec   0x080001ec   0x00000004   Code   RO         4891    .ARM.Collect$$_printf_percent$$00000017  c_w.l(_printf_percent_end.o)
    0x080001f0   0x080001f0   0x00000002   Code   RO         5131    .ARM.Collect$$libinit$$00000000  c_w.l(libinit.o)
    0x080001f2   0x080001f2   0x00000000   Code   RO         4910    .ARM.Collect$$libinit$$00000002  c_w.l(libinit2.o)
    0x080001f2   0x080001f2   0x00000000   Code   RO         4912    .ARM.Collect$$libinit$$00000004  c_w.l(libinit2.o)
    0x080001f2   0x080001f2   0x00000008   Code   RO         4913    .ARM.Collect$$libinit$$00000005  c_w.l(libinit2.o)
    0x080001fa   0x080001fa   0x00000000   Code   RO         4915    .ARM.Collect$$libinit$$0000000A  c_w.l(libinit2.o)
    0x080001fa   0x080001fa   0x00000000   Code   RO         4917    .ARM.Collect$$libinit$$0000000C  c_w.l(libinit2.o)
    0x080001fa   0x080001fa   0x00000000   Code   RO         4919    .ARM.Collect$$libinit$$0000000E  c_w.l(libinit2.o)
    0x080001fa   0x080001fa   0x00000006   Code   RO         4920    .ARM.Collect$$libinit$$0000000F  c_w.l(libinit2.o)
    0x08000200   0x08000200   0x00000000   Code   RO         4922    .ARM.Collect$$libinit$$00000011  c_w.l(libinit2.o)
    0x08000200   0x08000200   0x0000000c   Code   RO         4923    .ARM.Collect$$libinit$$00000012  c_w.l(libinit2.o)
    0x0800020c   0x0800020c   0x00000000   Code   RO         4924    .ARM.Collect$$libinit$$00000013  c_w.l(libinit2.o)
    0x0800020c   0x0800020c   0x00000000   Code   RO         4926    .ARM.Collect$$libinit$$00000015  c_w.l(libinit2.o)
    0x0800020c   0x0800020c   0x0000000a   Code   RO         4927    .ARM.Collect$$libinit$$00000016  c_w.l(libinit2.o)
    0x08000216   0x08000216   0x00000000   Code   RO         4928    .ARM.Collect$$libinit$$00000017  c_w.l(libinit2.o)
    0x08000216   0x08000216   0x00000000   Code   RO         4930    .ARM.Collect$$libinit$$00000019  c_w.l(libinit2.o)
    0x08000216   0x08000216   0x00000000   Code   RO         4932    .ARM.Collect$$libinit$$0000001B  c_w.l(libinit2.o)
    0x08000216   0x08000216   0x00000000   Code   RO         4934    .ARM.Collect$$libinit$$0000001D  c_w.l(libinit2.o)
    0x08000216   0x08000216   0x00000000   Code   RO         4936    .ARM.Collect$$libinit$$0000001F  c_w.l(libinit2.o)
    0x08000216   0x08000216   0x00000000   Code   RO         4938    .ARM.Collect$$libinit$$00000021  c_w.l(libinit2.o)
    0x08000216   0x08000216   0x00000000   Code   RO         4940    .ARM.Collect$$libinit$$00000023  c_w.l(libinit2.o)
    0x08000216   0x08000216   0x00000000   Code   RO         4942    .ARM.Collect$$libinit$$00000025  c_w.l(libinit2.o)
    0x08000216   0x08000216   0x00000000   Code   RO         4946    .ARM.Collect$$libinit$$0000002C  c_w.l(libinit2.o)
    0x08000216   0x08000216   0x00000000   Code   RO         4948    .ARM.Collect$$libinit$$0000002E  c_w.l(libinit2.o)
    0x08000216   0x08000216   0x00000000   Code   RO         4950    .ARM.Collect$$libinit$$00000030  c_w.l(libinit2.o)
    0x08000216   0x08000216   0x00000000   Code   RO         4952    .ARM.Collect$$libinit$$00000032  c_w.l(libinit2.o)
    0x08000216   0x08000216   0x00000002   Code   RO         4953    .ARM.Collect$$libinit$$00000033  c_w.l(libinit2.o)
    0x08000218   0x08000218   0x00000002   Code   RO         5195    .ARM.Collect$$libshutdown$$00000000  c_w.l(libshutdown.o)
    0x0800021a   0x0800021a   0x00000000   Code   RO         5147    .ARM.Collect$$libshutdown$$00000002  c_w.l(libshutdown2.o)
    0x0800021a   0x0800021a   0x00000000   Code   RO         5149    .ARM.Collect$$libshutdown$$00000004  c_w.l(libshutdown2.o)
    0x0800021a   0x0800021a   0x00000000   Code   RO         5151    .ARM.Collect$$libshutdown$$00000006  c_w.l(libshutdown2.o)
    0x0800021a   0x0800021a   0x00000000   Code   RO         5154    .ARM.Collect$$libshutdown$$00000009  c_w.l(libshutdown2.o)
    0x0800021a   0x0800021a   0x00000000   Code   RO         5157    .ARM.Collect$$libshutdown$$0000000C  c_w.l(libshutdown2.o)
    0x0800021a   0x0800021a   0x00000000   Code   RO         5159    .ARM.Collect$$libshutdown$$0000000E  c_w.l(libshutdown2.o)
    0x0800021a   0x0800021a   0x00000000   Code   RO         5162    .ARM.Collect$$libshutdown$$00000011  c_w.l(libshutdown2.o)
    0x0800021a   0x0800021a   0x00000002   Code   RO         5163    .ARM.Collect$$libshutdown$$00000012  c_w.l(libshutdown2.o)
    0x0800021c   0x0800021c   0x00000000   Code   RO         4826    .ARM.Collect$$rtentry$$00000000  c_w.l(__rtentry.o)
    0x0800021c   0x0800021c   0x00000000   Code   RO         5010    .ARM.Collect$$rtentry$$00000002  c_w.l(__rtentry2.o)
    0x0800021c   0x0800021c   0x00000006   Code   RO         5022    .ARM.Collect$$rtentry$$00000004  c_w.l(__rtentry4.o)
    0x08000222   0x08000222   0x00000000   Code   RO         5012    .ARM.Collect$$rtentry$$00000009  c_w.l(__rtentry2.o)
    0x08000222   0x08000222   0x00000004   Code   RO         5013    .ARM.Collect$$rtentry$$0000000A  c_w.l(__rtentry2.o)
    0x08000226   0x08000226   0x00000000   Code   RO         5015    .ARM.Collect$$rtentry$$0000000C  c_w.l(__rtentry2.o)
    0x08000226   0x08000226   0x00000008   Code   RO         5016    .ARM.Collect$$rtentry$$0000000D  c_w.l(__rtentry2.o)
    0x0800022e   0x0800022e   0x00000002   Code   RO         5136    .ARM.Collect$$rtexit$$00000000  c_w.l(rtexit.o)
    0x08000230   0x08000230   0x00000000   Code   RO         5169    .ARM.Collect$$rtexit$$00000002  c_w.l(rtexit2.o)
    0x08000230   0x08000230   0x00000004   Code   RO         5170    .ARM.Collect$$rtexit$$00000003  c_w.l(rtexit2.o)
    0x08000234   0x08000234   0x00000006   Code   RO         5171    .ARM.Collect$$rtexit$$00000004  c_w.l(rtexit2.o)
    0x0800023a   0x0800023a   0x00000002   PAD
    0x0800023c   0x0800023c   0x00000000   Code   RO         5036    .emb_text           c_w.l(maybetermalloc1.o)
    0x0800023c   0x0800023c   0x00000040   Code   RO           20    .text               startup_stm32f10x_md.o
    0x0800027c   0x0800027c   0x0000005e   Code   RO         4605    .text               c_w.l(h1_alloc.o)
    0x080002da   0x080002da   0x0000004e   Code   RO         4607    .text               c_w.l(h1_free.o)
    0x08000328   0x08000328   0x0000001a   Code   RO         4663    .text               c_w.l(tolower.o)
    0x08000342   0x08000342   0x00000002   PAD
    0x08000344   0x08000344   0x00000034   Code   RO         4667    .text               c_w.l(vsnprintf.o)
    0x08000378   0x08000378   0x0000002c   Code   RO         4669    .text               c_w.l(__2sprintf.o)
    0x080003a4   0x080003a4   0x00000038   Code   RO         4671    .text               c_w.l(__2snprintf.o)
    0x080003dc   0x080003dc   0x0000004e   Code   RO         4679    .text               c_w.l(_printf_pad.o)
    0x0800042a   0x0800042a   0x00000052   Code   RO         4681    .text               c_w.l(_printf_str.o)
    0x0800047c   0x0800047c   0x00000078   Code   RO         4683    .text               c_w.l(_printf_dec.o)
    0x080004f4   0x080004f4   0x00000094   Code   RO         4703    .text               c_w.l(_printf_hex_int_ll_ptr.o)
    0x08000588   0x08000588   0x00000188   Code   RO         4723    .text               c_w.l(__printf_flags_ss_wp.o)
    0x08000710   0x08000710   0x00000014   Code   RO         4738    .text               c_w.l(strchr.o)
    0x08000724   0x08000724   0x00000024   Code   RO         4740    .text               c_w.l(strncat.o)
    0x08000748   0x08000748   0x00000024   Code   RO         4742    .text               c_w.l(strstr.o)
    0x0800076c   0x0800076c   0x00000048   Code   RO         4744    .text               c_w.l(strcpy.o)
    0x080007b4   0x080007b4   0x0000003e   Code   RO         4746    .text               c_w.l(strlen.o)
    0x080007f2   0x080007f2   0x00000096   Code   RO         4748    .text               c_w.l(strncmp.o)
    0x08000888   0x08000888   0x00000018   Code   RO         4750    .text               c_w.l(strcat.o)
    0x080008a0   0x080008a0   0x0000008a   Code   RO         4752    .text               c_w.l(rt_memcpy_v6.o)
    0x0800092a   0x0800092a   0x00000064   Code   RO         4754    .text               c_w.l(rt_memcpy_w.o)
    0x0800098e   0x0800098e   0x00000044   Code   RO         4756    .text               c_w.l(rt_memclr.o)
    0x080009d2   0x080009d2   0x0000004e   Code   RO         4758    .text               c_w.l(rt_memclr_w.o)
    0x08000a20   0x08000a20   0x00000080   Code   RO         4760    .text               c_w.l(strcmpv7m.o)
    0x08000aa0   0x08000aa0   0x00000006   Code   RO         4762    .text               c_w.l(heapauxi.o)
    0x08000aa6   0x08000aa6   0x00000002   PAD
    0x08000aa8   0x08000aa8   0x00000010   Code   RO         4827    .text               c_w.l(rt_ctype_table.o)
    0x08000ab8   0x08000ab8   0x00000008   Code   RO         4832    .text               c_w.l(rt_heap_descriptor_intlibspace.o)
    0x08000ac0   0x08000ac0   0x00000004   Code   RO         4834    .text               c_w.l(hguard.o)
    0x08000ac4   0x08000ac4   0x0000008a   Code   RO         4836    .text               c_w.l(init_alloc.o)
    0x08000b4e   0x08000b4e   0x0000000e   Code   RO         4840    .text               c_w.l(h1_init.o)
    0x08000b5c   0x08000b5c   0x00000016   Code   RO         4854    .text               c_w.l(_rserrno.o)
    0x08000b72   0x08000b72   0x00000024   Code   RO         4856    .text               c_w.l(_printf_truncate.o)
    0x08000b96   0x08000b96   0x000000b2   Code   RO         4858    .text               c_w.l(_printf_intcommon.o)
    0x08000c48   0x08000c48   0x00000028   Code   RO         4860    .text               c_w.l(_printf_charcount.o)
    0x08000c70   0x08000c70   0x0000041e   Code   RO         4862    .text               c_w.l(_printf_fp_dec.o)
    0x0800108e   0x0800108e   0x00000002   PAD
    0x08001090   0x08001090   0x00000030   Code   RO         4864    .text               c_w.l(_printf_char_common.o)
    0x080010c0   0x080010c0   0x0000000a   Code   RO         4866    .text               c_w.l(_sputc.o)
    0x080010ca   0x080010ca   0x00000010   Code   RO         4868    .text               c_w.l(_snputc.o)
    0x080010da   0x080010da   0x0000002c   Code   RO         4870    .text               c_w.l(_printf_char.o)
    0x08001106   0x08001106   0x00000002   PAD
    0x08001108   0x08001108   0x000000bc   Code   RO         4872    .text               c_w.l(_printf_wctomb.o)
    0x080011c4   0x080011c4   0x0000007c   Code   RO         4875    .text               c_w.l(_printf_longlong_dec.o)
    0x08001240   0x08001240   0x00000070   Code   RO         4881    .text               c_w.l(_printf_oct_int_ll.o)
    0x080012b0   0x080012b0   0x00000008   Code   RO         5006    .text               c_w.l(libspace.o)
    0x080012b8   0x080012b8   0x00000008   Code   RO         5027    .text               c_w.l(rt_locale_intlibspace.o)
    0x080012c0   0x080012c0   0x00000008   Code   RO         5032    .text               c_w.l(rt_errno_addr_intlibspace.o)
    0x080012c8   0x080012c8   0x00000034   Code   RO         5038    .text               c_w.l(h1_extend.o)
    0x080012fc   0x080012fc   0x0000008a   Code   RO         5042    .text               c_w.l(lludiv10.o)
    0x08001386   0x08001386   0x00000002   PAD
    0x08001388   0x08001388   0x000002fc   Code   RO         5046    .text               c_w.l(_printf_fp_hex.o)
    0x08001684   0x08001684   0x00000080   Code   RO         5049    .text               c_w.l(_printf_fp_infnan.o)
    0x08001704   0x08001704   0x0000002c   Code   RO         5053    .text               c_w.l(_printf_wchar.o)
    0x08001730   0x08001730   0x000000e4   Code   RO         5057    .text               c_w.l(bigflt0.o)
    0x08001814   0x08001814   0x00000040   Code   RO         5082    .text               c_w.l(_wcrtomb.o)
    0x08001854   0x08001854   0x0000000e   Code   RO         5090    .text               c_w.l(defsig_rtmem_outer.o)
    0x08001862   0x08001862   0x00000002   Code   RO         5107    .text               c_w.l(use_no_semi.o)
    0x08001864   0x08001864   0x00000000   Code   RO         5109    .text               c_w.l(indicate_semi.o)
    0x08001864   0x08001864   0x0000004a   Code   RO         5110    .text               c_w.l(sys_stackheap_outer.o)
    0x080018ae   0x080018ae   0x00000012   Code   RO         5116    .text               c_w.l(exit.o)
    0x080018c0   0x080018c0   0x0000000a   Code   RO         5118    .text               c_w.l(defsig_exit.o)
    0x080018ca   0x080018ca   0x00000002   PAD
    0x080018cc   0x080018cc   0x00000050   Code   RO         5120    .text               c_w.l(defsig_rtmem_inner.o)
    0x0800191c   0x0800191c   0x0000000c   Code   RO         5134    .text               c_w.l(sys_exit.o)
    0x08001928   0x08001928   0x00000032   Code   RO         5144    .text               c_w.l(defsig_general.o)
    0x0800195a   0x0800195a   0x0000000e   Code   RO         5166    .text               c_w.l(sys_wrch.o)
    0x08001968   0x08001968   0x0000003e   Code   RO         5060    CL$$btod_d2e        c_w.l(btod.o)
    0x080019a6   0x080019a6   0x00000046   Code   RO         5062    CL$$btod_d2e_denorm_low  c_w.l(btod.o)
    0x080019ec   0x080019ec   0x00000060   Code   RO         5061    CL$$btod_d2e_norm_op1  c_w.l(btod.o)
    0x08001a4c   0x08001a4c   0x00000338   Code   RO         5070    CL$$btod_div_common  c_w.l(btod.o)
    0x08001d84   0x08001d84   0x000000dc   Code   RO         5067    CL$$btod_e2e        c_w.l(btod.o)
    0x08001e60   0x08001e60   0x0000002a   Code   RO         5064    CL$$btod_ediv       c_w.l(btod.o)
    0x08001e8a   0x08001e8a   0x0000002a   Code   RO         5063    CL$$btod_emul       c_w.l(btod.o)
    0x08001eb4   0x08001eb4   0x00000244   Code   RO         5069    CL$$btod_mult_common  c_w.l(btod.o)
    0x080020f8   0x080020f8   0x00000016   Code   RO          202    i.ADC_Cmd           stm32f10x_adc.o
    0x0800210e   0x0800210e   0x00000014   Code   RO          210    i.ADC_GetCalibrationStatus  stm32f10x_adc.o
    0x08002122   0x08002122   0x00000008   Code   RO          211    i.ADC_GetConversionValue  stm32f10x_adc.o
    0x0800212a   0x0800212a   0x00000012   Code   RO          213    i.ADC_GetFlagStatus  stm32f10x_adc.o
    0x0800213c   0x0800213c   0x00000014   Code   RO          216    i.ADC_GetResetCalibrationStatus  stm32f10x_adc.o
    0x08002150   0x08002150   0x00000050   Code   RO          220    i.ADC_Init          stm32f10x_adc.o
    0x080021a0   0x080021a0   0x000000b8   Code   RO          224    i.ADC_RegularChannelConfig  stm32f10x_adc.o
    0x08002258   0x08002258   0x0000000a   Code   RO          225    i.ADC_ResetCalibration  stm32f10x_adc.o
    0x08002262   0x08002262   0x00000016   Code   RO          227    i.ADC_SoftwareStartConvCmd  stm32f10x_adc.o
    0x08002278   0x08002278   0x0000000a   Code   RO          229    i.ADC_StartCalibration  stm32f10x_adc.o
    0x08002282   0x08002282   0x00000002   PAD
    0x08002284   0x08002284   0x00000034   Code   RO         3512    i.AD_GetValue       ad.o
    0x080022b8   0x080022b8   0x00000090   Code   RO         3513    i.AD_Init           ad.o
    0x08002348   0x08002348   0x0000016c   Code   RO         4217    i.BASE64_Decode     base64.o
    0x080024b4   0x080024b4   0x00000144   Code   RO         4218    i.BASE64_Encode     base64.o
    0x080025f8   0x080025f8   0x00000004   Code   RO         3777    i.BusFault_Handler  stm32f10x_it.o
    0x080025fc   0x080025fc   0x0000001c   Code   RO         3695    i.DDrive            main.o
    0x08002618   0x08002618   0x00000020   Code   RO         3696    i.DDrive_win        main.o
    0x08002638   0x08002638   0x00000034   Code   RO         3472    i.DHT_GPIO_Init     dht11.o
    0x0800266c   0x0800266c   0x00000050   Code   RO         3473    i.DHT_Get_Byte_Data  dht11.o
    0x080026bc   0x080026bc   0x00000044   Code   RO         3474    i.DHT_Get_Temp_Humi_Data  dht11.o
    0x08002700   0x08002700   0x0000005c   Code   RO         3475    i.DHT_Start         dht11.o
    0x0800275c   0x0800275c   0x00000002   Code   RO         3778    i.DebugMon_Handler  stm32f10x_it.o
    0x0800275e   0x0800275e   0x0000003c   Code   RO         3196    i.DelayMs           delay.o
    0x0800279a   0x0800279a   0x00000002   PAD
    0x0800279c   0x0800279c   0x00000048   Code   RO         3198    i.DelayXms          delay.o
    0x080027e4   0x080027e4   0x00000038   Code   RO         3199    i.Delay_Init        delay.o
    0x0800281c   0x0800281c   0x00000018   Code   RO         3308    i.Delay_ms          delay2.o
    0x08002834   0x08002834   0x0000002e   Code   RO         3310    i.Delay_us          delay2.o
    0x08002862   0x08002862   0x00000002   PAD
    0x08002864   0x08002864   0x0000001c   Code   RO         4024    i.ESP8266_Clear     esp8266.o
    0x08002880   0x08002880   0x00000050   Code   RO         4025    i.ESP8266_GetIPD    esp8266.o
    0x080028d0   0x080028d0   0x00000128   Code   RO         4026    i.ESP8266_Init      esp8266.o
    0x080029f8   0x080029f8   0x00000054   Code   RO         4027    i.ESP8266_SendCmd   esp8266.o
    0x08002a4c   0x08002a4c   0x00000048   Code   RO         4028    i.ESP8266_SendData  esp8266.o
    0x08002a94   0x08002a94   0x00000034   Code   RO         4029    i.ESP8266_WaitRecive  esp8266.o
    0x08002ac8   0x08002ac8   0x00000010   Code   RO         3400    i.FMQ_Off           led.o
    0x08002ad8   0x08002ad8   0x00000010   Code   RO         3401    i.FMQ_On            led.o
    0x08002ae8   0x08002ae8   0x00000116   Code   RO         1347    i.GPIO_Init         stm32f10x_gpio.o
    0x08002bfe   0x08002bfe   0x00000012   Code   RO         1351    i.GPIO_ReadInputDataBit  stm32f10x_gpio.o
    0x08002c10   0x08002c10   0x00000004   Code   RO         1354    i.GPIO_ResetBits    stm32f10x_gpio.o
    0x08002c14   0x08002c14   0x00000004   Code   RO         1355    i.GPIO_SetBits      stm32f10x_gpio.o
    0x08002c18   0x08002c18   0x0000000a   Code   RO         1358    i.GPIO_WriteBit     stm32f10x_gpio.o
    0x08002c22   0x08002c22   0x00000004   Code   RO         3779    i.HardFault_Handler  stm32f10x_it.o
    0x08002c26   0x08002c26   0x0000003c   Code   RO         3697    i.Hardware_Init     main.o
    0x08002c62   0x08002c62   0x00000002   PAD
    0x08002c64   0x08002c64   0x00000014   Code   RO         3402    i.LED0_Off          led.o
    0x08002c78   0x08002c78   0x00000014   Code   RO         3403    i.LED0_Off12        led.o
    0x08002c8c   0x08002c8c   0x00000014   Code   RO         3404    i.LED0_On           led.o
    0x08002ca0   0x08002ca0   0x00000014   Code   RO         3405    i.LED0_On12         led.o
    0x08002cb4   0x08002cb4   0x00000038   Code   RO         3406    i.LED_Init          led.o
    0x08002cec   0x08002cec   0x0000001c   Code   RO         3840    i.MQTT_DeleteBuffer  mqttkit.o
    0x08002d08   0x08002d08   0x0000002e   Code   RO         3841    i.MQTT_DumpLength   mqttkit.o
    0x08002d36   0x08002d36   0x00000058   Code   RO         3842    i.MQTT_NewBuffer    mqttkit.o
    0x08002d8e   0x08002d8e   0x00000002   PAD
    0x08002d90   0x08002d90   0x000002a0   Code   RO         3844    i.MQTT_PacketConnect  mqttkit.o
    0x08003030   0x08003030   0x000001b8   Code   RO         3847    i.MQTT_PacketPublish  mqttkit.o
    0x080031e8   0x080031e8   0x00000064   Code   RO         3853    i.MQTT_PacketSaveData  mqttkit.o
    0x0800324c   0x0800324c   0x000000fe   Code   RO         3854    i.MQTT_PacketSubscribe  mqttkit.o
    0x0800334a   0x0800334a   0x00000046   Code   RO         3856    i.MQTT_ReadLength   mqttkit.o
    0x08003390   0x08003390   0x0000001e   Code   RO         3858    i.MQTT_UnPacketConnectAck  mqttkit.o
    0x080033ae   0x080033ae   0x00000002   PAD
    0x080033b0   0x080033b0   0x000001c0   Code   RO         3859    i.MQTT_UnPacketPublish  mqttkit.o
    0x08003570   0x08003570   0x0000001e   Code   RO         3860    i.MQTT_UnPacketPublishAck  mqttkit.o
    0x0800358e   0x0800358e   0x00000002   PAD
    0x08003590   0x08003590   0x00000074   Code   RO         3864    i.MQTT_UnPacketRecv  mqttkit.o
    0x08003604   0x08003604   0x00000034   Code   RO         3865    i.MQTT_UnPacketSubscribe  mqttkit.o
    0x08003638   0x08003638   0x00000004   Code   RO         3780    i.MemManage_Handler  stm32f10x_it.o
    0x0800363c   0x0800363c   0x00000002   Code   RO         3781    i.NMI_Handler       stm32f10x_it.o
    0x0800363e   0x0800363e   0x00000002   PAD
    0x08003640   0x08003640   0x00000070   Code   RO          137    i.NVIC_Init         misc.o
    0x080036b0   0x080036b0   0x00000014   Code   RO          138    i.NVIC_PriorityGroupConfig  misc.o
    0x080036c4   0x080036c4   0x00000118   Code   RO         4083    i.OTA_UrlEncode     onenet.o
    0x080037dc   0x080037dc   0x0000023c   Code   RO         4084    i.OneNET_Authorization  onenet.o
    0x08003a18   0x08003a18   0x000000a0   Code   RO         4087    i.OneNET_Subscribe  onenet.o
    0x08003ab8   0x08003ab8   0x0000027c   Code   RO         4088    i.OneNet_DevLink    onenet.o
    0x08003d34   0x08003d34   0x0000027c   Code   RO         4089    i.OneNet_FillBuf    onenet.o
    0x08003fb0   0x08003fb0   0x000003b0   Code   RO         4090    i.OneNet_RevPro     onenet.o
    0x08004360   0x08004360   0x000000e8   Code   RO         4091    i.OneNet_SendData   onenet.o
    0x08004448   0x08004448   0x0000002c   Code   RO         3575    i.PINA7_Init        pind.o
    0x08004474   0x08004474   0x0000009c   Code   RO         3460    i.PWM3_Init         pwm_3.o
    0x08004510   0x08004510   0x0000009c   Code   RO         3448    i.PWM_Init          pwm_l.o
    0x080045ac   0x080045ac   0x00000002   Code   RO         3782    i.PendSV_Handler    stm32f10x_it.o
    0x080045ae   0x080045ae   0x00000002   PAD
    0x080045b0   0x080045b0   0x00000018   Code   RO         1773    i.RCC_ADCCLKConfig  stm32f10x_rcc.o
    0x080045c8   0x080045c8   0x00000020   Code   RO         1775    i.RCC_APB1PeriphClockCmd  stm32f10x_rcc.o
    0x080045e8   0x080045e8   0x00000020   Code   RO         1777    i.RCC_APB2PeriphClockCmd  stm32f10x_rcc.o
    0x08004608   0x08004608   0x000000d4   Code   RO         1785    i.RCC_GetClocksFreq  stm32f10x_rcc.o
    0x080046dc   0x080046dc   0x00000002   Code   RO         3783    i.SVC_Handler       stm32f10x_it.o
    0x080046de   0x080046de   0x00000002   PAD
    0x080046e0   0x080046e0   0x000000bc   Code   RO         3332    i.Serial_Init       serial.o
    0x0800479c   0x0800479c   0x00000008   Code   RO           24    i.SetSysClock       system_stm32f10x.o
    0x080047a4   0x080047a4   0x000000e0   Code   RO           25    i.SetSysClockTo72   system_stm32f10x.o
    0x08004884   0x08004884   0x00000038   Code   RO         3530    i.Stepper_GPIOInit  stepper.o
    0x080048bc   0x080048bc   0x00000014   Code   RO         3531    i.Stepper_RotateByLoop  stepper.o
    0x080048d0   0x080048d0   0x0000005c   Code   RO         3532    i.Stepper_RotateByStep  stepper.o
    0x0800492c   0x0800492c   0x0000008c   Code   RO         3533    i.Stepper_SingleStep  stepper.o
    0x080049b8   0x080049b8   0x00000014   Code   RO         3534    i.Stepper_Stop      stepper.o
    0x080049cc   0x080049cc   0x00000054   Code   RO         3281    i.SysTick_Config    delay1.o
    0x08004a20   0x08004a20   0x00000002   Code   RO         3784    i.SysTick_Handler   stm32f10x_it.o
    0x08004a22   0x08004a22   0x00000002   PAD
    0x08004a24   0x08004a24   0x00000060   Code   RO           27    i.SystemInit        system_stm32f10x.o
    0x08004a84   0x08004a84   0x00000018   Code   RO         2421    i.TIM_Cmd           stm32f10x_tim.o
    0x08004a9c   0x08004a9c   0x0000000c   Code   RO         2448    i.TIM_InternalClockConfig  stm32f10x_tim.o
    0x08004aa8   0x08004aa8   0x00000098   Code   RO         2450    i.TIM_OC1Init       stm32f10x_tim.o
    0x08004b40   0x08004b40   0x000000a4   Code   RO         2455    i.TIM_OC2Init       stm32f10x_tim.o
    0x08004be4   0x08004be4   0x00000014   Code   RO         2468    i.TIM_OCStructInit  stm32f10x_tim.o
    0x08004bf8   0x08004bf8   0x00000004   Code   RO         2482    i.TIM_SetCompare1   stm32f10x_tim.o
    0x08004bfc   0x08004bfc   0x00000004   Code   RO         2483    i.TIM_SetCompare2   stm32f10x_tim.o
    0x08004c00   0x08004c00   0x000000a4   Code   RO         2492    i.TIM_TimeBaseInit  stm32f10x_tim.o
    0x08004ca4   0x08004ca4   0x0000001c   Code   RO         3232    i.USART1_IRQHandler  usart.o
    0x08004cc0   0x08004cc0   0x0000004c   Code   RO         4030    i.USART2_IRQHandler  esp8266.o
    0x08004d0c   0x08004d0c   0x000000a0   Code   RO         3339    i.USART3_IRQHandler  serial.o
    0x08004dac   0x08004dac   0x00000012   Code   RO         2956    i.USART_ClearFlag   stm32f10x_usart.o
    0x08004dbe   0x08004dbe   0x0000001e   Code   RO         2957    i.USART_ClearITPendingBit  stm32f10x_usart.o
    0x08004ddc   0x08004ddc   0x00000018   Code   RO         2960    i.USART_Cmd         stm32f10x_usart.o
    0x08004df4   0x08004df4   0x0000001a   Code   RO         2963    i.USART_GetFlagStatus  stm32f10x_usart.o
    0x08004e0e   0x08004e0e   0x00000054   Code   RO         2964    i.USART_GetITStatus  stm32f10x_usart.o
    0x08004e62   0x08004e62   0x0000004a   Code   RO         2966    i.USART_ITConfig    stm32f10x_usart.o
    0x08004eac   0x08004eac   0x000000d8   Code   RO         2967    i.USART_Init        stm32f10x_usart.o
    0x08004f84   0x08004f84   0x0000000a   Code   RO         2974    i.USART_ReceiveData  stm32f10x_usart.o
    0x08004f8e   0x08004f8e   0x00000008   Code   RO         2977    i.USART_SendData    stm32f10x_usart.o
    0x08004f96   0x08004f96   0x00000004   Code   RO         3785    i.UsageFault_Handler  stm32f10x_it.o
    0x08004f9a   0x08004f9a   0x00000002   PAD
    0x08004f9c   0x08004f9c   0x000000b0   Code   RO         3233    i.Usart1_Init       usart.o
    0x0800504c   0x0800504c   0x000000ac   Code   RO         3234    i.Usart2_Init       usart.o
    0x080050f8   0x080050f8   0x00000048   Code   RO         3235    i.UsartPrintf       usart.o
    0x08005140   0x08005140   0x00000032   Code   RO         3236    i.Usart_SendString  usart.o
    0x08005172   0x08005172   0x00000002   PAD
    0x08005174   0x08005174   0x00000118   Code   RO         3698    i.YY_SB             main.o
    0x0800528c   0x0800528c   0x00000028   Code   RO         4991    i.__ARM_fpclassify  m_ws.l(fpclassify.o)
    0x080052b4   0x080052b4   0x000000aa   Code   RO         4993    i.__kernel_poly     m_ws.l(poly.o)
    0x0800535e   0x0800535e   0x00000002   PAD
    0x08005360   0x08005360   0x00000010   Code   RO         4977    i.__mathlib_dbl_divzero  m_ws.l(dunder.o)
    0x08005370   0x08005370   0x00000004   Code   RO         4979    i.__mathlib_dbl_infnan2  m_ws.l(dunder.o)
    0x08005374   0x08005374   0x0000000c   Code   RO         4980    i.__mathlib_dbl_invalid  m_ws.l(dunder.o)
    0x08005380   0x08005380   0x0000000e   Code   RO         4981    i.__mathlib_dbl_overflow  m_ws.l(dunder.o)
    0x0800538e   0x0800538e   0x00000002   PAD
    0x08005390   0x08005390   0x00000010   Code   RO         4983    i.__mathlib_dbl_underflow  m_ws.l(dunder.o)
    0x080053a0   0x080053a0   0x0000000e   Code   RO         4716    i._is_digit         c_w.l(__printf_wp.o)
    0x080053ae   0x080053ae   0x00000002   PAD
    0x080053b0   0x080053b0   0x00000058   Code   RO         4261    i.cJSON_Delete      cjson.o
    0x08005408   0x08005408   0x0000001e   Code   RO         4270    i.cJSON_GetObjectItem  cjson.o
    0x08005426   0x08005426   0x00000002   PAD
    0x08005428   0x08005428   0x00000020   Code   RO         4274    i.cJSON_New_Item    cjson.o
    0x08005448   0x08005448   0x00000010   Code   RO         4275    i.cJSON_Parse       cjson.o
    0x08005458   0x08005458   0x00000064   Code   RO         4276    i.cJSON_ParseWithOpts  cjson.o
    0x080054bc   0x080054bc   0x0000004c   Code   RO         4282    i.cJSON_strcasecmp  cjson.o
    0x08005508   0x08005508   0x00000048   Code   RO         3282    i.delay_ms          delay1.o
    0x08005550   0x08005550   0x00000048   Code   RO         3283    i.delay_us          delay1.o
    0x08005598   0x08005598   0x0000004c   Code   RO         4165    i.ft                hmac_sha1.o
    0x080055e4   0x080055e4   0x0000012e   Code   RO         4166    i.hmac_sha1         hmac_sha1.o
    0x08005712   0x08005712   0x00000002   PAD
    0x08005714   0x08005714   0x00000034   Code   RO         4167    i.k                 hmac_sha1.o
    0x08005748   0x08005748   0x000002b8   Code   RO         3699    i.main              main.o
    0x08005a00   0x08005a00   0x000000ac   Code   RO         4286    i.parse_array       cjson.o
    0x08005aac   0x08005aac   0x00000114   Code   RO         4287    i.parse_hex4        cjson.o
    0x08005bc0   0x08005bc0   0x000001bc   Code   RO         4288    i.parse_number      cjson.o
    0x08005d7c   0x08005d7c   0x00000114   Code   RO         4289    i.parse_object      cjson.o
    0x08005e90   0x08005e90   0x000001cc   Code   RO         4290    i.parse_string      cjson.o
    0x0800605c   0x0800605c   0x000000bc   Code   RO         4291    i.parse_value       cjson.o
    0x08006118   0x08006118   0x000009d8   Code   RO         4815    i.pow               m_ws.l(pow.o)
    0x08006af0   0x08006af0   0x0000002e   Code   RO         4168    i.rotl              hmac_sha1.o
    0x08006b1e   0x08006b1e   0x00000002   PAD
    0x08006b20   0x08006b20   0x00000284   Code   RO         4170    i.sha1              hmac_sha1.o
    0x08006da4   0x08006da4   0x00000012   Code   RO         4299    i.skip              cjson.o
    0x08006db6   0x08006db6   0x0000004c   Code   RO         4997    i.sqrt              m_ws.l(sqrt.o)
    0x08006e02   0x08006e02   0x00000002   PAD
    0x08006e04   0x08006e04   0x0000002c   Code   RO         5085    locale$$code        c_w.l(lc_ctype_c.o)
    0x08006e30   0x08006e30   0x0000002c   Code   RO         5088    locale$$code        c_w.l(lc_numeric_c.o)
    0x08006e5c   0x08006e5c   0x00000150   Code   RO         4766    x$fpl$dadd          fz_ws.l(daddsub_clz.o)
    0x08006fac   0x08006fac   0x00000010   Code   RO         5099    x$fpl$dcheck1       fz_ws.l(dcheck1.o)
    0x08006fbc   0x08006fbc   0x00000018   Code   RO         4954    x$fpl$dcmpinf       fz_ws.l(dcmpi.o)
    0x08006fd4   0x08006fd4   0x000002b0   Code   RO         4957    x$fpl$ddiv          fz_ws.l(ddiv.o)
    0x08007284   0x08007284   0x0000005e   Code   RO         4774    x$fpl$dfix          fz_ws.l(dfix.o)
    0x080072e2   0x080072e2   0x0000002e   Code   RO         4779    x$fpl$dflt          fz_ws.l(dflt_clz.o)
    0x08007310   0x08007310   0x00000078   Code   RO         4784    x$fpl$dleqf         fz_ws.l(dleqf.o)
    0x08007388   0x08007388   0x00000154   Code   RO         4786    x$fpl$dmul          fz_ws.l(dmul.o)
    0x080074dc   0x080074dc   0x0000009c   Code   RO         4960    x$fpl$dnaninf       fz_ws.l(dnaninf.o)
    0x08007578   0x08007578   0x0000000c   Code   RO         4962    x$fpl$dretinf       fz_ws.l(dretinf.o)
    0x08007584   0x08007584   0x0000006c   Code   RO         4788    x$fpl$drleqf        fz_ws.l(drleqf.o)
    0x080075f0   0x080075f0   0x00000016   Code   RO         4767    x$fpl$drsb          fz_ws.l(daddsub_clz.o)
    0x08007606   0x08007606   0x00000002   PAD
    0x08007608   0x08007608   0x000001cc   Code   RO         5101    x$fpl$dsqrt         fz_ws.l(dsqrt_noumaal.o)
    0x080077d4   0x080077d4   0x000001d4   Code   RO         4768    x$fpl$dsub          fz_ws.l(daddsub_clz.o)
    0x080079a8   0x080079a8   0x00000184   Code   RO         4793    x$fpl$fdiv          fz_ws.l(fdiv.o)
    0x08007b2c   0x08007b2c   0x00000036   Code   RO         4796    x$fpl$ffix          fz_ws.l(ffix.o)
    0x08007b62   0x08007b62   0x00000002   PAD
    0x08007b64   0x08007b64   0x00000026   Code   RO         4800    x$fpl$ffltu         fz_ws.l(fflt_clz.o)
    0x08007b8a   0x08007b8a   0x00000002   PAD
    0x08007b8c   0x08007b8c   0x00000102   Code   RO         4806    x$fpl$fmul          fz_ws.l(fmul.o)
    0x08007c8e   0x08007c8e   0x0000008c   Code   RO         4964    x$fpl$fnaninf       fz_ws.l(fnaninf.o)
    0x08007d1a   0x08007d1a   0x0000000a   Code   RO         4966    x$fpl$fretinf       fz_ws.l(fretinf.o)
    0x08007d24   0x08007d24   0x00000004   Code   RO         4808    x$fpl$printf1       fz_ws.l(printf1.o)
    0x08007d28   0x08007d28   0x00000004   Code   RO         4968    x$fpl$printf2       fz_ws.l(printf2.o)
    0x08007d2c   0x08007d2c   0x00000064   Code   RO         5132    x$fpl$retnan        fz_ws.l(retnan.o)
    0x08007d90   0x08007d90   0x0000005c   Code   RO         4974    x$fpl$scalbn        fz_ws.l(scalbn.o)
    0x08007dec   0x08007dec   0x00000030   Code   RO         5164    x$fpl$trapveneer    fz_ws.l(trapv.o)
    0x08007e1c   0x08007e1c   0x00000000   Code   RO         4976    x$fpl$usenofp       fz_ws.l(usenofp.o)
    0x08007e1c   0x08007e1c   0x000000c0   Data   RO         4219    .constdata          base64.o
    0x08007edc   0x08007edc   0x00000007   Data   RO         4302    .constdata          cjson.o
    0x08007ee3   0x08007ee3   0x00000028   Data   RO         4704    .constdata          c_w.l(_printf_hex_int_ll_ptr.o)
    0x08007f0b   0x08007f0b   0x00000011   Data   RO         4724    .constdata          c_w.l(__printf_flags_ss_wp.o)
    0x08007f1c   0x08007f1c   0x00000004   PAD
    0x08007f20   0x08007f20   0x00000088   Data   RO         4816    .constdata          m_ws.l(pow.o)
    0x08007fa8   0x08007fa8   0x00000008   Data   RO         4873    .constdata          c_w.l(_printf_wctomb.o)
    0x08007fb0   0x08007fb0   0x00000008   Data   RO         4995    .constdata          m_ws.l(qnan.o)
    0x08007fb8   0x08007fb8   0x00000026   Data   RO         5047    .constdata          c_w.l(_printf_fp_hex.o)
    0x08007fde   0x08007fde   0x00000002   PAD
    0x08007fe0   0x08007fe0   0x00000094   Data   RO         5058    .constdata          c_w.l(bigflt0.o)
    0x08008074   0x08008074   0x00000047   Data   RO         4093    .conststring        onenet.o
    0x080080bb   0x080080bb   0x00000001   PAD
    0x080080bc   0x080080bc   0x00000020   Data   RO         5196    Region$$Table       anon$$obj.o
    0x080080dc   0x080080dc   0x00000110   Data   RO         5084    locale$$data        c_w.l(lc_ctype_c.o)
    0x080081ec   0x080081ec   0x0000001c   Data   RO         5087    locale$$data        c_w.l(lc_numeric_c.o)


    Execution Region RW_IRAM1 (Exec base: 0x20000000, Load base: 0x08008208, Size: 0x00000d20, Max: 0x00005000, ABSOLUTE)

    Exec Addr    Load Addr    Size         Type   Attr      Idx    E Section Name        Object

    0x20000000   0x08008208   0x00000014   Data   RW           28    .data               system_stm32f10x.o
    0x20000014   0x0800821c   0x00000014   Data   RW         1805    .data               stm32f10x_rcc.o
    0x20000028   0x08008230   0x00000004   Data   RW         3200    .data               delay.o
    0x2000002c   0x08008234   0x00000003   Data   RW         3342    .data               serial.o
    0x2000002f   0x08008237   0x00000001   Data   RW         3535    .data               stepper.o
    0x20000030   0x08008238   0x00000019   Data   RW         3700    .data               main.o
    0x20000049   0x08008251   0x00000001   PAD
    0x2000004a   0x08008252   0x00000004   Data   RW         4032    .data               esp8266.o
    0x2000004e   0x08008256   0x00000002   Data   RW         4094    .data               onenet.o
    0x20000050   0x08008258   0x0000000c   Data   RW         4303    .data               cjson.o
    0x2000005c        -       0x00000064   Zero   RW         3341    .bss                serial.o
    0x200000c0        -       0x00000200   Zero   RW         4031    .bss                esp8266.o
    0x200002c0        -       0x00000060   Zero   RW         5007    .bss                c_w.l(libspace.o)
    0x20000320        -       0x00000200   Zero   RW           18    HEAP                startup_stm32f10x_md.o
    0x20000520        -       0x00000800   Zero   RW           17    STACK               startup_stm32f10x_md.o


==============================================================================

Image component sizes


      Code (inc. data)   RO Data    RW Data    ZI Data      Debug   Object Name

       196         14          0          0          0       1060   ad.o
       688          8        192          0          0       3432   base64.o
      2176         82          7         12          0      11225   cjson.o
         0          0          0          0          0       4572   core_cm3.o
       188         14          0          4          0       1772   delay.o
       228         22          0          0          0      16669   delay1.o
        70          0          0          0          0        898   delay2.o
       292         16          0          0          0       2421   dht11.o
       688        236          0          4        512       4747   esp8266.o
      1120         30          0          0          0       4159   hmac_sha1.o
       168         38          0          0          0       2848   led.o
      1096        326          0         25          0       3991   main.o
       132         22          0          0          0     213679   misc.o
      2374         58          0          0          0      13472   mqttkit.o
      3460       1538         71          2          0      10228   onenet.o
        44          6          0          0          0        449   pind.o
       156         10          0          0          0        600   pwm_3.o
       156          4          0          0          0        599   pwm_l.o
       348         30          0          3        100       1850   serial.o
        64         26        236          0       2560        772   startup_stm32f10x_md.o
       328         22          0          1          0       3432   stepper.o
       394         10          0          0          0      18057   stm32f10x_adc.o
       314          0          0          0          0      12208   stm32f10x_gpio.o
        26          0          0          0          0       3578   stm32f10x_it.o
       300         38          0         20          0      13349   stm32f10x_rcc.o
       544         72          0          0          0      25098   stm32f10x_tim.o
       490          6          0          0          0      12805   stm32f10x_usart.o
       328         28          0         20          0      45341   system_stm32f10x.o
       498         24          0          0          0       4525   usart.o

    ----------------------------------------------------------------------
     16898       2680        539         92       3172     437836   Object Totals
         0          0         32          0          0          0   (incl. Generated)
        32          0          1          1          0          0   (incl. Padding)

    ----------------------------------------------------------------------

      Code (inc. data)   RO Data    RW Data    ZI Data      Debug   Library Member Name

        56          6          0          0          0         88   __2snprintf.o
        44          6          0          0          0         84   __2sprintf.o
         8          0          0          0          0         68   __main.o
       392          4         17          0          0         92   __printf_flags_ss_wp.o
        14          0          0          0          0         68   __printf_wp.o
         0          0          0          0          0          0   __rtentry.o
        12          0          0          0          0          0   __rtentry2.o
         6          0          0          0          0          0   __rtentry4.o
        52          8          0          0          0          0   __scatter.o
        26          0          0          0          0          0   __scatter_copy.o
        28          0          0          0          0          0   __scatter_zi.o
         6          0          0          0          0          0   _printf_a.o
         6          0          0          0          0          0   _printf_c.o
        44          0          0          0          0        108   _printf_char.o
        48          6          0          0          0         96   _printf_char_common.o
        40          0          0          0          0         68   _printf_charcount.o
         6          0          0          0          0          0   _printf_d.o
       120         16          0          0          0         92   _printf_dec.o
         6          0          0          0          0          0   _printf_e.o
         6          0          0          0          0          0   _printf_f.o
      1054          0          0          0          0        216   _printf_fp_dec.o
       764          8         38          0          0        100   _printf_fp_hex.o
       128         16          0          0          0         84   _printf_fp_infnan.o
         6          0          0          0          0          0   _printf_g.o
       148          4         40          0          0        160   _printf_hex_int_ll_ptr.o
         6          0          0          0          0          0   _printf_i.o
       178          0          0          0          0         88   _printf_intcommon.o
        10          0          0          0          0          0   _printf_l.o
         6          0          0          0          0          0   _printf_lc.o
        10          0          0          0          0          0   _printf_ll.o
         6          0          0          0          0          0   _printf_lld.o
         6          0          0          0          0          0   _printf_lli.o
         6          0          0          0          0          0   _printf_llo.o
         6          0          0          0          0          0   _printf_llu.o
         6          0          0          0          0          0   _printf_llx.o
       124         16          0          0          0         92   _printf_longlong_dec.o
         6          0          0          0          0          0   _printf_ls.o
         6          0          0          0          0          0   _printf_n.o
         6          0          0          0          0          0   _printf_o.o
       112         10          0          0          0        124   _printf_oct_int_ll.o
         6          0          0          0          0          0   _printf_p.o
        78          0          0          0          0        108   _printf_pad.o
         0          0          0          0          0          0   _printf_percent.o
         4          0          0          0          0          0   _printf_percent_end.o
         6          0          0          0          0          0   _printf_s.o
        82          0          0          0          0         80   _printf_str.o
        36          0          0          0          0         84   _printf_truncate.o
         6          0          0          0          0          0   _printf_u.o
        44          0          0          0          0        108   _printf_wchar.o
       188          6          8          0          0         92   _printf_wctomb.o
         6          0          0          0          0          0   _printf_x.o
        22          0          0          0          0        100   _rserrno.o
        16          0          0          0          0         68   _snputc.o
        10          0          0          0          0         68   _sputc.o
        64          0          0          0          0         92   _wcrtomb.o
       228          4        148          0          0         96   bigflt0.o
      1936        128          0          0          0        672   btod.o
        10          0          0          0          0         68   defsig_exit.o
        50          0          0          0          0         88   defsig_general.o
        80         58          0          0          0         76   defsig_rtmem_inner.o
        14          0          0          0          0         80   defsig_rtmem_outer.o
        18          0          0          0          0         80   exit.o
        94          0          0          0          0         80   h1_alloc.o
        52          0          0          0          0         68   h1_extend.o
        78          0          0          0          0         80   h1_free.o
        14          0          0          0          0         84   h1_init.o
         6          0          0          0          0        152   heapauxi.o
         4          0          0          0          0        136   hguard.o
         0          0          0          0          0          0   indicate_semi.o
       138          0          0          0          0        168   init_alloc.o
        44         10        272          0          0         76   lc_ctype_c.o
        44         10         28          0          0         76   lc_numeric_c.o
         2          0          0          0          0          0   libinit.o
        38          0          0          0          0          0   libinit2.o
         2          0          0          0          0          0   libshutdown.o
         2          0          0          0          0          0   libshutdown2.o
         8          4          0          0         96         68   libspace.o
       138          0          0          0          0         80   lludiv10.o
         0          0          0          0          0          0   maybetermalloc1.o
        16          4          0          0          0         76   rt_ctype_table.o
         8          4          0          0          0         68   rt_errno_addr_intlibspace.o
         8          4          0          0          0         68   rt_heap_descriptor_intlibspace.o
         8          4          0          0          0         68   rt_locale_intlibspace.o
        68          0          0          0          0         68   rt_memclr.o
        78          0          0          0          0         80   rt_memclr_w.o
       138          0          0          0          0         68   rt_memcpy_v6.o
       100          0          0          0          0         80   rt_memcpy_w.o
         2          0          0          0          0          0   rtexit.o
        10          0          0          0          0          0   rtexit2.o
        24          0          0          0          0         68   strcat.o
        20          0          0          0          0         68   strchr.o
       128          0          0          0          0         68   strcmpv7m.o
        72          0          0          0          0         80   strcpy.o
        62          0          0          0          0         76   strlen.o
        36          0          0          0          0         76   strncat.o
       150          0          0          0          0         80   strncmp.o
        36          0          0          0          0         80   strstr.o
        12          4          0          0          0         68   sys_exit.o
        74          0          0          0          0         80   sys_stackheap_outer.o
        14          0          0          0          0         76   sys_wrch.o
        26          0          0          0          0         76   tolower.o
         2          0          0          0          0         68   use_no_semi.o
        52          4          0          0          0         80   vsnprintf.o
       826         16          0          0          0        348   daddsub_clz.o
        16          4          0          0          0         68   dcheck1.o
        24          0          0          0          0         68   dcmpi.o
       688        140          0          0          0        208   ddiv.o
        94          4          0          0          0         92   dfix.o
        46          0          0          0          0         68   dflt_clz.o
       120          4          0          0          0         92   dleqf.o
       340         12          0          0          0        104   dmul.o
       156          4          0          0          0         92   dnaninf.o
        12          0          0          0          0         68   dretinf.o
       108          0          0          0          0         80   drleqf.o
       460         56          0          0          0        120   dsqrt_noumaal.o
       388         76          0          0          0         96   fdiv.o
        54          4          0          0          0         84   ffix.o
        38          0          0          0          0         68   fflt_clz.o
       258          4          0          0          0         84   fmul.o
       140          4          0          0          0         84   fnaninf.o
        10          0          0          0          0         68   fretinf.o
         4          0          0          0          0         68   printf1.o
         4          0          0          0          0         68   printf2.o
       100          0          0          0          0         68   retnan.o
        92          0          0          0          0         68   scalbn.o
        48          0          0          0          0         68   trapv.o
         0          0          0          0          0          0   usenofp.o
        62         10          0          0          0        340   dunder.o
        40          0          0          0          0         68   fpclassify.o
       170          0          0          0          0         96   poly.o
      2520        190        136          0          0        324   pow.o
         0          0          8          0          0          0   qnan.o
        76          0          0          0          0         84   sqrt.o

    ----------------------------------------------------------------------
     15150        872        701          0         96       9420   Library Totals
        30          0          6          0          0          0   (incl. Padding)

    ----------------------------------------------------------------------

      Code (inc. data)   RO Data    RW Data    ZI Data      Debug   Library Name

      8226        344        551          0         96       6276   c_w.l
      4026        328          0          0          0       2232   fz_ws.l
      2868        200        144          0          0        912   m_ws.l

    ----------------------------------------------------------------------
     15150        872        701          0         96       9420   Library Totals

    ----------------------------------------------------------------------

==============================================================================


      Code (inc. data)   RO Data    RW Data    ZI Data      Debug   

     32048       3552       1240         92       3268     434876   Grand Totals
     32048       3552       1240         92       3268     434876   ELF Image Totals
     32048       3552       1240         92          0          0   ROM Totals

==============================================================================

    Total RO  Size (Code + RO Data)                33288 (  32.51kB)
    Total RW  Size (RW Data + ZI Data)              3360 (   3.28kB)
    Total ROM Size (Code + RO Data + RW Data)      33380 (  32.60kB)

==============================================================================

